Archive member included to satisfy reference by file (symbol)

/usr/lib/gcc/arm-none-eabi/4.9.3/../../../arm-none-eabi/lib/armv7-m/libc.a(lib_a-memcpy.o)
                              obj/usb_bootloader.o (memcpy)
/usr/lib/gcc/arm-none-eabi/4.9.3/armv7-m/libgcc.a(_arm_addsubdf3.o)
                              /home/stuart/Dropbox/git/globLib/STM32F103CB/lib/stm32f103cb_timer.o (__aeabi_dsub)
/usr/lib/gcc/arm-none-eabi/4.9.3/armv7-m/libgcc.a(_arm_muldivdf3.o)
                              /home/stuart/Dropbox/git/globLib/STM32F103CB/lib/stm32f103cb_adc.o (__aeabi_dmul)
/usr/lib/gcc/arm-none-eabi/4.9.3/armv7-m/libgcc.a(_arm_fixunsdfsi.o)
                              /home/stuart/Dropbox/git/globLib/STM32F103CB/lib/stm32f103cb_timer.o (__aeabi_d2uiz)
/usr/lib/gcc/arm-none-eabi/4.9.3/armv7-m/libgcc.a(_arm_truncdfsf2.o)
                              /home/stuart/Dropbox/git/globLib/STM32F103CB/lib/stm32f103cb_adc.o (__aeabi_d2f)
/usr/lib/gcc/arm-none-eabi/4.9.3/armv7-m/libgcc.a(_arm_addsubsf3.o)
                              /home/stuart/Dropbox/git/globLib/common/lib/string11.o (__aeabi_fsub)
/usr/lib/gcc/arm-none-eabi/4.9.3/armv7-m/libgcc.a(_arm_muldivsf3.o)
                              /home/stuart/Dropbox/git/globLib/common/lib/lsm9ds1.o (__aeabi_fmul)
/usr/lib/gcc/arm-none-eabi/4.9.3/armv7-m/libgcc.a(_arm_cmpsf2.o)
                              /home/stuart/Dropbox/git/globLib/common/lib/string11.o (__aeabi_fcmplt)
/usr/lib/gcc/arm-none-eabi/4.9.3/armv7-m/libgcc.a(_arm_fixsfsi.o)
                              /home/stuart/Dropbox/git/globLib/common/lib/string11.o (__aeabi_f2iz)
/usr/lib/gcc/arm-none-eabi/4.9.3/armv7-m/libgcc.a(_arm_fixunssfsi.o)
                              /home/stuart/Dropbox/git/globLib/common/lib/string11.o (__aeabi_f2uiz)
/home/stuart/Dropbox/git/globLib/STM32F103CB/libopencm3/lib/libopencm3_stm32f1.a(adc.o)
                              /home/stuart/Dropbox/git/globLib/STM32F103CB/lib/stm32f103cb_adc.o (adc_power_on)
/home/stuart/Dropbox/git/globLib/STM32F103CB/libopencm3/lib/libopencm3_stm32f1.a(adc_common_v1.o)
                              /home/stuart/Dropbox/git/globLib/STM32F103CB/lib/stm32f103cb_adc.o (adc_power_off)
/home/stuart/Dropbox/git/globLib/STM32F103CB/libopencm3/lib/libopencm3_stm32f1.a(flash.o)
                              obj/usb_bootloader.o (flash_program_half_word)
/home/stuart/Dropbox/git/globLib/STM32F103CB/libopencm3/lib/libopencm3_stm32f1.a(gpio.o)
                              obj/usb_bootloader.o (gpio_set_mode)
/home/stuart/Dropbox/git/globLib/STM32F103CB/libopencm3/lib/libopencm3_stm32f1.a(rcc.o)
                              /home/stuart/Dropbox/git/globLib/STM32F103CB/lib/stm32f103cb_adc.o (rcc_set_adcpre)
/home/stuart/Dropbox/git/globLib/STM32F103CB/libopencm3/lib/libopencm3_stm32f1.a(rtc.o)
                              /home/stuart/Dropbox/git/globLib/STM32F103CB/lib/stm32f103cb_rtc.o (rtc_awake_from_off)
/home/stuart/Dropbox/git/globLib/STM32F103CB/libopencm3/lib/libopencm3_stm32f1.a(gpio_common_all.o)
                              obj/usb_bootloader.o (gpio_set)
/home/stuart/Dropbox/git/globLib/STM32F103CB/libopencm3/lib/libopencm3_stm32f1.a(i2c_common_v1.o)
                              /home/stuart/Dropbox/git/globLib/STM32F103CB/lib/stm32f103cb_i2c.o (i2c_peripheral_enable)
/home/stuart/Dropbox/git/globLib/STM32F103CB/libopencm3/lib/libopencm3_stm32f1.a(pwr_common_v1.o)
                              obj/usb_bootloader.o (pwr_disable_backup_domain_write_protect)
/home/stuart/Dropbox/git/globLib/STM32F103CB/libopencm3/lib/libopencm3_stm32f1.a(timer_common_all.o)
                              /home/stuart/Dropbox/git/globLib/STM32F103CB/lib/stm32f103cb_timer.o (timer_reset)
/home/stuart/Dropbox/git/globLib/STM32F103CB/libopencm3/lib/libopencm3_stm32f1.a(usart_common_all.o)
                              /home/stuart/Dropbox/git/globLib/STM32F103CB/lib/stm32f103cb_usart.o (usart_set_baudrate)
/home/stuart/Dropbox/git/globLib/STM32F103CB/libopencm3/lib/libopencm3_stm32f1.a(usart_common_f124.o)
                              /home/stuart/Dropbox/git/globLib/STM32F103CB/libopencm3/lib/libopencm3_stm32f1.a(usart_common_all.o) (usart_send)
/home/stuart/Dropbox/git/globLib/STM32F103CB/libopencm3/lib/libopencm3_stm32f1.a(rcc_common_all.o)
                              obj/usb_bootloader.o (rcc_periph_clock_enable)
/home/stuart/Dropbox/git/globLib/STM32F103CB/libopencm3/lib/libopencm3_stm32f1.a(exti_common_all.o)
                              /home/stuart/Dropbox/git/globLib/STM32F103CB/lib/stm32f103cb_gpio.o (exti_set_trigger)
/home/stuart/Dropbox/git/globLib/STM32F103CB/libopencm3/lib/libopencm3_stm32f1.a(flash_common_f01.o)
                              /home/stuart/Dropbox/git/globLib/STM32F103CB/libopencm3/lib/libopencm3_stm32f1.a(rcc.o) (flash_set_ws)
/home/stuart/Dropbox/git/globLib/STM32F103CB/libopencm3/lib/libopencm3_stm32f1.a(spi_common_all.o)
[...]
Memory Configuration

Name             Origin             Length             Attributes
rom              0x0000000008000000 0x0000000000020000 xr
ram              0x0000000020000000 0x0000000000005000 xrw
*default*        0x0000000000000000 0xffffffffffffffff

Linker script and memory map

LOAD obj/usb_bootloader.o
LOAD /home/stuart/Dropbox/git/globLib/common/lib/mpu6050.o
LOAD /home/stuart/Dropbox/git/globLib/common/lib/coms128.o
LOAD /home/stuart/Dropbox/git/globLib/common/lib/lsm9ds1.o
LOAD /home/stuart/Dropbox/git/globLib/common/lib/fifo8.o
LOAD /home/stuart/Dropbox/git/globLib/common/lib/string11.o
LOAD /home/stuart/Dropbox/git/globLib/STM32F103CB/lib/stm32f103cb_timer.o
LOAD /home/stuart/Dropbox/git/globLib/STM32F103CB/lib/stm32f103cb_flash.o
LOAD /home/stuart/Dropbox/git/globLib/STM32F103CB/lib/stm32f103cb_usart.o
LOAD /home/stuart/Dropbox/git/globLib/STM32F103CB/lib/stm32f103cb_core.o
LOAD /home/stuart/Dropbox/git/globLib/STM32F103CB/lib/stm32f103cb_clock.o
LOAD /home/stuart/Dropbox/git/globLib/STM32F103CB/lib/stm32f103cb_adc.o
LOAD /home/stuart/Dropbox/git/globLib/STM32F103CB/lib/stm32f103cb_spi.o
LOAD /home/stuart/Dropbox/git/globLib/STM32F103CB/lib/stm32f103cb_gpio.o
LOAD /home/stuart/Dropbox/git/globLib/STM32F103CB/lib/stm32f103cb_usb.o
LOAD /home/stuart/Dropbox/git/globLib/STM32F103CB/lib/stm32f103cb_power.o
LOAD /home/stuart/Dropbox/git/globLib/STM32F103CB/lib/stm32f103cb_debug.o
LOAD /home/stuart/Dropbox/git/globLib/STM32F103CB/lib/stm32f103cb_rtc.o
LOAD /home/stuart/Dropbox/git/globLib/STM32F103CB/lib/stm32f103cb_systick.o
LOAD /home/stuart/Dropbox/git/globLib/STM32F103CB/lib/stm32f103cb_iwdg.o
LOAD /home/stuart/Dropbox/git/globLib/STM32F103CB/lib/stm32f103cb_i2c.o
START GROUP
LOAD /usr/lib/gcc/arm-none-eabi/4.9.3/../../../arm-none-eabi/lib/armv7-m/libc.a
LOAD /usr/lib/gcc/arm-none-eabi/4.9.3/armv7-m/libgcc.a
LOAD /usr/lib/gcc/arm-none-eabi/4.9.3/../../../arm-none-eabi/lib/armv7-m/libnosys.a
END GROUP
LOAD /home/stuart/Dropbox/git/globLib/STM32F103CB/libopencm3/lib/libopencm3_stm32f1.a
START GROUP
LOAD /usr/lib/gcc/arm-none-eabi/4.9.3/armv7-m/libgcc.a
LOAD /usr/lib/gcc/arm-none-eabi/4.9.3/../../../arm-none-eabi/lib/armv7-m/libg.a
LOAD /usr/lib/gcc/arm-none-eabi/4.9.3/../../../arm-none-eabi/lib/armv7-m/libc.a
END GROUP

.text           0x0000000008000000     0x26e8
 *(.vectors)
 .vectors       0x0000000008000000      0x150 /home/stuart/Dropbox/git/globLib/STM32F103CB/libopencm3/lib/libopencm3_stm32f1.a(vector.o)
                0x0000000008000000                vector_table
 *(.text*)
 .text.usbdfu_getstatus_complete
                0x0000000008000150      0x128 obj/usb_bootloader.o
                0x0000000008000150                usbdfu_getstatus_complete
 .text.usbdfu_set_config
                0x0000000008000278       0x10 obj/usb_bootloader.o
                0x0000000008000278                usbdfu_set_config
 .text.startup.main
                0x0000000008000288      0x104 obj/usb_bootloader.o
                0x0000000008000288                main
 .text.usbdfu_getstatus
                0x000000000800038c       0x24 obj/usb_bootloader.o
                0x000000000800038c                usbdfu_getstatus
 .text.usbdfu_control_request
                0x00000000080003b0       0xc8 obj/usb_bootloader.o
                0x00000000080003b0                usbdfu_control_request
 .text.tim1_cc_isr
                0x0000000008000478       0x1c /home/stuart/Dropbox/git/globLib/STM32F103CB/lib/stm32f103cb_timer.o
                0x0000000008000478                tim1_cc_isr
 .text.tim1_up_isr
                0x0000000008000494       0x1c /home/stuart/Dropbox/git/globLib/STM32F103CB/lib/stm32f103cb_timer.o
                0x0000000008000494                tim1_up_isr
 .text.tim2_isr
                0x00000000080004b0       0x30 /home/stuart/Dropbox/git/globLib/STM32F103CB/lib/stm32f103cb_timer.o
                0x00000000080004b0                tim2_isr
 .text.tim3_isr
                0x00000000080004e0       0x1c /home/stuart/Dropbox/git/globLib/STM32F103CB/lib/stm32f103cb_timer.o
                0x00000000080004e0                tim3_isr
 .text.tim4_isr
                0x00000000080004fc       0x1c /home/stuart/Dropbox/git/globLib/STM32F103CB/lib/stm32f103cb_timer.o
                0x00000000080004fc                tim4_isr
 .text.usart1_isr
                0x0000000008000518       0x58 /home/stuart/Dropbox/git/globLib/STM32F103CB/lib/stm32f103cb_usart.o
                0x0000000008000518                usart1_isr
 .text.usart2_isr
                0x0000000008000570       0x58 /home/stuart/Dropbox/git/globLib/STM32F103CB/lib/stm32f103cb_usart.o
                0x0000000008000570                usart2_isr
 .text.usart3_isr
                0x00000000080005c8       0x58 /home/stuart/Dropbox/git/globLib/STM32F103CB/lib/stm32f103cb_usart.o
                0x00000000080005c8                usart3_isr
 .text.spi1_isr
                0x0000000008000620       0x3c /home/stuart/Dropbox/git/globLib/STM32F103CB/lib/stm32f103cb_spi.o
                0x0000000008000620                spi1_isr
 .text.spi2_isr
                0x000000000800065c       0x3c /home/stuart/Dropbox/git/globLib/STM32F103CB/lib/stm32f103cb_spi.o
                0x000000000800065c                spi2_isr
 .text.gpio_translatePin
                0x0000000008000698       0x92 /home/stuart/Dropbox/git/globLib/STM32F103CB/lib/stm32f103cb_gpio.o
 *fill*         0x000000000800072a        0x2 
 .text.pinSetup
                0x000000000800072c       0x88 /home/stuart/Dropbox/git/globLib/STM32F103CB/lib/stm32f103cb_gpio.o
                0x000000000800072c                pinSetup
 .text.pinLow   0x00000000080007b4       0x10 /home/stuart/Dropbox/git/globLib/STM32F103CB/lib/stm32f103cb_gpio.o
                0x00000000080007b4                pinLow
 .text.exti0_isr
                0x00000000080007c4       0x18 /home/stuart/Dropbox/git/globLib/STM32F103CB/lib/stm32f103cb_gpio.o
                0x00000000080007c4                exti0_isr
 .text.exti1_isr
                0x00000000080007dc       0x18 /home/stuart/Dropbox/git/globLib/STM32F103CB/lib/stm32f103cb_gpio.o
                0x00000000080007dc                exti1_isr
 .text.exti2_isr
                0x00000000080007f4       0x18 /home/stuart/Dropbox/git/globLib/STM32F103CB/lib/stm32f103cb_gpio.o
                0x00000000080007f4                exti2_isr
 .text.exti3_isr
                0x000000000800080c       0x18 /home/stuart/Dropbox/git/globLib/STM32F103CB/lib/stm32f103cb_gpio.o
                0x000000000800080c                exti3_isr
 .text.exti4_isr
                0x0000000008000824       0x18 /home/stuart/Dropbox/git/globLib/STM32F103CB/lib/stm32f103cb_gpio.o
                0x0000000008000824                exti4_isr
 .text.exti9_5_isr
                0x000000000800083c       0x80 /home/stuart/Dropbox/git/globLib/STM32F103CB/lib/stm32f103cb_gpio.o
                0x000000000800083c                exti9_5_isr
 .text.exti15_10_isr
                0x00000000080008bc       0xa0 /home/stuart/Dropbox/git/globLib/STM32F103CB/lib/stm32f103cb_gpio.o
                0x00000000080008bc                exti15_10_isr
 .text.USB_disconnect
                0x000000000800095c       0x58 /home/stuart/Dropbox/git/globLib/STM32F103CB/lib/stm32f103cb_usb.o
                0x000000000800095c                USB_disconnect
 .text.hard_fault_handler
                0x00000000080009b4       0x38 /home/stuart/Dropbox/git/globLib/STM32F103CB/lib/stm32f103cb_power.o
                0x00000000080009b4                hard_fault_handler
 .text.MCU_debugIsEnabled
                0x00000000080009ec       0x10 /home/stuart/Dropbox/git/globLib/STM32F103CB/lib/stm32f103cb_debug.o
                0x00000000080009ec                MCU_debugIsEnabled
 .text.MCU_printError
                0x00000000080009fc       0x44 /home/stuart/Dropbox/git/globLib/STM32F103CB/lib/stm32f103cb_debug.o
                0x00000000080009fc                MCU_printError
 .text.rtc_isr  0x0000000008000a40       0x4c /home/stuart/Dropbox/git/globLib/STM32F103CB/lib/stm32f103cb_rtc.o
                0x0000000008000a40                rtc_isr
 .text.sys_tick_handler
                0x0000000008000a8c        0xc /home/stuart/Dropbox/git/globLib/STM32F103CB/lib/stm32f103cb_systick.o
                0x0000000008000a8c                sys_tick_handler
 .text          0x0000000008000a98       0xec /usr/lib/gcc/arm-none-eabi/4.9.3/../../../arm-none-eabi/lib/armv7-m/libc.a(lib_a-memcpy.o)
                0x0000000008000a98                memcpy
 .text.flash_get_status_flags
                0x0000000008000b84       0x28 /home/stuart/Dropbox/git/globLib/STM32F103CB/libopencm3/lib/libopencm3_stm32f1.a(flash.o)
                0x0000000008000b84                flash_get_status_flags
 .text.flash_program_half_word
                0x0000000008000bac       0x64 /home/stuart/Dropbox/git/globLib/STM32F103CB/libopencm3/lib/libopencm3_stm32f1.a(flash.o)
                0x0000000008000bac                flash_program_half_word
 .text.flash_erase_page
                0x0000000008000c10       0x7c /home/stuart/Dropbox/git/globLib/STM32F103CB/libopencm3/lib/libopencm3_stm32f1.a(flash.o)
                0x0000000008000c10                flash_erase_page
 .text.gpio_set_mode
                0x0000000008000c8c       0x64 /home/stuart/Dropbox/git/globLib/STM32F103CB/libopencm3/lib/libopencm3_stm32f1.a(gpio.o)
                0x0000000008000c8c                gpio_set_mode
 .text.rcc_osc_on.part.1
                0x0000000008000cf0       0x10 /home/stuart/Dropbox/git/globLib/STM32F103CB/libopencm3/lib/libopencm3_stm32f1.a(rcc.o)
 .text.rcc_is_osc_ready
                0x0000000008000d00       0x5c /home/stuart/Dropbox/git/globLib/STM32F103CB/libopencm3/lib/libopencm3_stm32f1.a(rcc.o)
                0x0000000008000d00                rcc_is_osc_ready
 .text.rcc_wait_for_osc_ready
                0x0000000008000d5c       0x10 /home/stuart/Dropbox/git/globLib/STM32F103CB/libopencm3/lib/libopencm3_stm32f1.a(rcc.o)
                0x0000000008000d5c                rcc_wait_for_osc_ready
 .text.rcc_osc_on
                0x0000000008000d6c       0x54 /home/stuart/Dropbox/git/globLib/STM32F103CB/libopencm3/lib/libopencm3_stm32f1.a(rcc.o)
                0x0000000008000d6c                rcc_osc_on
 .text.rcc_set_sysclk_source
                0x0000000008000dc0       0x14 /home/stuart/Dropbox/git/globLib/STM32F103CB/libopencm3/lib/libopencm3_stm32f1.a(rcc.o)
                0x0000000008000dc0                rcc_set_sysclk_source
 .text.rcc_set_pll_multiplication_factor
                0x0000000008000dd4       0x14 /home/stuart/Dropbox/git/globLib/STM32F103CB/libopencm3/lib/libopencm3_stm32f1.a(rcc.o)
                0x0000000008000dd4                rcc_set_pll_multiplication_factor
 .text.rcc_set_pll_source
                0x0000000008000de8       0x14 /home/stuart/Dropbox/git/globLib/STM32F103CB/libopencm3/lib/libopencm3_stm32f1.a(rcc.o)
                0x0000000008000de8                rcc_set_pll_source
 .text.rcc_set_adcpre
                0x0000000008000dfc       0x14 /home/stuart/Dropbox/git/globLib/STM32F103CB/libopencm3/lib/libopencm3_stm32f1.a(rcc.o)
                0x0000000008000dfc                rcc_set_adcpre
 .text.rcc_set_ppre2
                0x0000000008000e10       0x14 /home/stuart/Dropbox/git/globLib/STM32F103CB/libopencm3/lib/libopencm3_stm32f1.a(rcc.o)
                0x0000000008000e10                rcc_set_ppre2
 .text.rcc_set_ppre1
                0x0000000008000e24       0x14 /home/stuart/Dropbox/git/globLib/STM32F103CB/libopencm3/lib/libopencm3_stm32f1.a(rcc.o)
                0x0000000008000e24                rcc_set_ppre1
 .text.rcc_set_hpre
                0x0000000008000e38       0x14 /home/stuart/Dropbox/git/globLib/STM32F103CB/libopencm3/lib/libopencm3_stm32f1.a(rcc.o)
                0x0000000008000e38                rcc_set_hpre
 .text.rcc_clock_setup_in_hsi_out_48mhz
                0x0000000008000e4c       0x84 /home/stuart/Dropbox/git/globLib/STM32F103CB/libopencm3/lib/libopencm3_stm32f1.a(rcc.o)
                0x0000000008000e4c                rcc_clock_setup_in_hsi_out_48mhz
 .text.rtc_clear_flag
                0x0000000008000ed0       0x30 /home/stuart/Dropbox/git/globLib/STM32F103CB/libopencm3/lib/libopencm3_stm32f1.a(rtc.o)
                0x0000000008000ed0                rtc_clear_flag
 .text.rtc_check_flag
                0x0000000008000f00       0x30 /home/stuart/Dropbox/git/globLib/STM32F103CB/libopencm3/lib/libopencm3_stm32f1.a(rtc.o)
                0x0000000008000f00                rtc_check_flag
 .text.gpio_set
                0x0000000008000f30        0x4 /home/stuart/Dropbox/git/globLib/STM32F103CB/libopencm3/lib/libopencm3_stm32f1.a(gpio_common_all.o)
                0x0000000008000f30                gpio_set
 .text.gpio_clear
                0x0000000008000f34        0x6 /home/stuart/Dropbox/git/globLib/STM32F103CB/libopencm3/lib/libopencm3_stm32f1.a(gpio_common_all.o)
                0x0000000008000f34                gpio_clear
 .text.gpio_get
                0x0000000008000f3a        0x6 /home/stuart/Dropbox/git/globLib/STM32F103CB/libopencm3/lib/libopencm3_stm32f1.a(gpio_common_all.o)
                0x0000000008000f3a                gpio_get
 .text.pwr_disable_backup_domain_write_protect
                0x0000000008000f40       0x10 /home/stuart/Dropbox/git/globLib/STM32F103CB/libopencm3/lib/libopencm3_stm32f1.a(pwr_common_v1.o)
                0x0000000008000f40                pwr_disable_backup_domain_write_protect
 .text.pwr_enable_backup_domain_write_protect
                0x0000000008000f50       0x10 /home/stuart/Dropbox/git/globLib/STM32F103CB/libopencm3/lib/libopencm3_stm32f1.a(pwr_common_v1.o)
                0x0000000008000f50                pwr_enable_backup_domain_write_protect
 .text.timer_clear_flag
                0x0000000008000f60        0x6 /home/stuart/Dropbox/git/globLib/STM32F103CB/libopencm3/lib/libopencm3_stm32f1.a(timer_common_all.o)
                0x0000000008000f60                timer_clear_flag
 .text.rcc_periph_clock_enable
                0x0000000008000f66       0x1a /home/stuart/Dropbox/git/globLib/STM32F103CB/libopencm3/lib/libopencm3_stm32f1.a(rcc_common_all.o)
                0x0000000008000f66                rcc_periph_clock_enable
 .text.rcc_periph_clock_disable
                0x0000000008000f80       0x1c /home/stuart/Dropbox/git/globLib/STM32F103CB/libopencm3/lib/libopencm3_stm32f1.a(rcc_common_all.o)
                0x0000000008000f80                rcc_periph_clock_disable
 .text.exti_reset_request
                0x0000000008000f9c        0xc /home/stuart/Dropbox/git/globLib/STM32F103CB/libopencm3/lib/libopencm3_stm32f1.a(exti_common_all.o)
                0x0000000008000f9c                exti_reset_request
 .text.flash_set_ws
                0x0000000008000fa8       0x14 /home/stuart/Dropbox/git/globLib/STM32F103CB/libopencm3/lib/libopencm3_stm32f1.a(flash_common_f01.o)
                0x0000000008000fa8                flash_set_ws
 .text.flash_unlock
                0x0000000008000fbc       0x24 /home/stuart/Dropbox/git/globLib/STM32F103CB/libopencm3/lib/libopencm3_stm32f1.a(flash_common_f01.o)
                0x0000000008000fbc                flash_unlock
 .text.flash_lock
                0x0000000008000fe0       0x10 /home/stuart/Dropbox/git/globLib/STM32F103CB/libopencm3/lib/libopencm3_stm32f1.a(flash_common_f01.o)
                0x0000000008000fe0                flash_lock
 .text.flash_wait_for_last_operation
                0x0000000008000ff0        0xc /home/stuart/Dropbox/git/globLib/STM32F103CB/libopencm3/lib/libopencm3_stm32f1.a(flash_common_f01.o)
                0x0000000008000ff0                flash_wait_for_last_operation
 .text.usbd_init
                0x0000000008000ffc       0x58 /home/stuart/Dropbox/git/globLib/STM32F103CB/libopencm3/lib/libopencm3_stm32f1.a(usb.o)
                0x0000000008000ffc                usbd_init
 .text.usbd_poll
                0x0000000008001054        0x8 /home/stuart/Dropbox/git/globLib/STM32F103CB/libopencm3/lib/libopencm3_stm32f1.a(usb.o)
                0x0000000008001054                usbd_poll
 .text.usbd_ep_setup
                0x000000000800105c       0x10 /home/stuart/Dropbox/git/globLib/STM32F103CB/libopencm3/lib/libopencm3_stm32f1.a(usb.o)
                0x000000000800105c                usbd_ep_setup
 .text._usbd_reset
                0x000000000800106c       0x34 /home/stuart/Dropbox/git/globLib/STM32F103CB/libopencm3/lib/libopencm3_stm32f1.a(usb.o)
                0x000000000800106c                _usbd_reset
 .text.usbd_ep_write_packet
                0x00000000080010a0       0x10 /home/stuart/Dropbox/git/globLib/STM32F103CB/libopencm3/lib/libopencm3_stm32f1.a(usb.o)
                0x00000000080010a0                usbd_ep_write_packet
 .text.usbd_ep_read_packet
                0x00000000080010b0       0x10 /home/stuart/Dropbox/git/globLib/STM32F103CB/libopencm3/lib/libopencm3_stm32f1.a(usb.o)
                0x00000000080010b0                usbd_ep_read_packet
 .text.usbd_ep_stall_set
                0x00000000080010c0        0x8 /home/stuart/Dropbox/git/globLib/STM32F103CB/libopencm3/lib/libopencm3_stm32f1.a(usb.o)
                0x00000000080010c0                usbd_ep_stall_set
 .text.usbd_ep_stall_get
                0x00000000080010c8        0x8 /home/stuart/Dropbox/git/globLib/STM32F103CB/libopencm3/lib/libopencm3_stm32f1.a(usb.o)
                0x00000000080010c8                usbd_ep_stall_get
 .text.usbd_ep_nak_set
                0x00000000080010d0        0x8 /home/stuart/Dropbox/git/globLib/STM32F103CB/libopencm3/lib/libopencm3_stm32f1.a(usb.o)
                0x00000000080010d0                usbd_ep_nak_set
 .text.stall_transaction
                0x00000000080010d8       0x14 /home/stuart/Dropbox/git/globLib/STM32F103CB/libopencm3/lib/libopencm3_stm32f1.a(usb_control.o)
 .text.usb_control_recv_chunk
                0x00000000080010ec       0x3a /home/stuart/Dropbox/git/globLib/STM32F103CB/libopencm3/lib/libopencm3_stm32f1.a(usb_control.o)
 .text.usb_control_send_chunk
                0x0000000008001126       0x52 /home/stuart/Dropbox/git/globLib/STM32F103CB/libopencm3/lib/libopencm3_stm32f1.a(usb_control.o)
 .text.usb_control_request_dispatch
                0x0000000008001178       0x5c /home/stuart/Dropbox/git/globLib/STM32F103CB/libopencm3/lib/libopencm3_stm32f1.a(usb_control.o)
 .text.usb_control_setup_read
                0x00000000080011d4       0x66 /home/stuart/Dropbox/git/globLib/STM32F103CB/libopencm3/lib/libopencm3_stm32f1.a(usb_control.o)
 .text.usbd_register_control_callback
                0x000000000800123a       0x26 /home/stuart/Dropbox/git/globLib/STM32F103CB/libopencm3/lib/libopencm3_stm32f1.a(usb_control.o)
                0x000000000800123a                usbd_register_control_callback
 .text._usbd_control_setup
                0x0000000008001260       0x70 /home/stuart/Dropbox/git/globLib/STM32F103CB/libopencm3/lib/libopencm3_stm32f1.a(usb_control.o)
                0x0000000008001260                _usbd_control_setup
 .text._usbd_control_out
                0x00000000080012d0       0x86 /home/stuart/Dropbox/git/globLib/STM32F103CB/libopencm3/lib/libopencm3_stm32f1.a(usb_control.o)
                0x00000000080012d0                _usbd_control_out
 .text._usbd_control_in
                0x0000000008001356       0x64 /home/stuart/Dropbox/git/globLib/STM32F103CB/libopencm3/lib/libopencm3_stm32f1.a(usb_control.o)
                0x0000000008001356                _usbd_control_in
 .text.usb_standard_set_configuration
                0x00000000080013ba       0x92 /home/stuart/Dropbox/git/globLib/STM32F103CB/libopencm3/lib/libopencm3_stm32f1.a(usb_standard.o)
 .text.usb_standard_get_configuration
                0x000000000800144c       0x22 /home/stuart/Dropbox/git/globLib/STM32F103CB/libopencm3/lib/libopencm3_stm32f1.a(usb_standard.o)
 .text.usb_standard_get_interface
                0x000000000800146e       0x34 /home/stuart/Dropbox/git/globLib/STM32F103CB/libopencm3/lib/libopencm3_stm32f1.a(usb_standard.o)
 .text.usb_standard_device_get_status
                0x00000000080014a2       0x18 /home/stuart/Dropbox/git/globLib/STM32F103CB/libopencm3/lib/libopencm3_stm32f1.a(usb_standard.o)
 .text.usb_standard_interface_get_status
                0x00000000080014ba       0x18 /home/stuart/Dropbox/git/globLib/STM32F103CB/libopencm3/lib/libopencm3_stm32f1.a(usb_standard.o)
 .text.usb_standard_endpoint_get_status
                0x00000000080014d2       0x2a /home/stuart/Dropbox/git/globLib/STM32F103CB/libopencm3/lib/libopencm3_stm32f1.a(usb_standard.o)
 .text.usb_standard_endpoint_stall
                0x00000000080014fc       0x10 /home/stuart/Dropbox/git/globLib/STM32F103CB/libopencm3/lib/libopencm3_stm32f1.a(usb_standard.o)
 .text.usb_standard_endpoint_unstall
                0x000000000800150c       0x10 /home/stuart/Dropbox/git/globLib/STM32F103CB/libopencm3/lib/libopencm3_stm32f1.a(usb_standard.o)
 .text.usb_standard_set_address
                0x000000000800151c       0x2a /home/stuart/Dropbox/git/globLib/STM32F103CB/libopencm3/lib/libopencm3_stm32f1.a(usb_standard.o)
 .text.usb_standard_set_interface
                0x0000000008001546       0x4c /home/stuart/Dropbox/git/globLib/STM32F103CB/libopencm3/lib/libopencm3_stm32f1.a(usb_standard.o)
 .text.usb_standard_get_descriptor
                0x0000000008001592      0x27e /home/stuart/Dropbox/git/globLib/STM32F103CB/libopencm3/lib/libopencm3_stm32f1.a(usb_standard.o)
 .text.usbd_register_set_config_callback
                0x0000000008001810       0x24 /home/stuart/Dropbox/git/globLib/STM32F103CB/libopencm3/lib/libopencm3_stm32f1.a(usb_standard.o)
                0x0000000008001810                usbd_register_set_config_callback
 .text._usbd_standard_request_device
                0x0000000008001834       0x20 /home/stuart/Dropbox/git/globLib/STM32F103CB/libopencm3/lib/libopencm3_stm32f1.a(usb_standard.o)
                0x0000000008001834                _usbd_standard_request_device
 .text._usbd_standard_request_interface
                0x0000000008001854       0x20 /home/stuart/Dropbox/git/globLib/STM32F103CB/libopencm3/lib/libopencm3_stm32f1.a(usb_standard.o)
                0x0000000008001854                _usbd_standard_request_interface
 .text._usbd_standard_request_endpoint
                0x0000000008001874       0x3c /home/stuart/Dropbox/git/globLib/STM32F103CB/libopencm3/lib/libopencm3_stm32f1.a(usb_standard.o)
                0x0000000008001874                _usbd_standard_request_endpoint
 .text._usbd_standard_request
                0x00000000080018b0       0x34 /home/stuart/Dropbox/git/globLib/STM32F103CB/libopencm3/lib/libopencm3_stm32f1.a(usb_standard.o)
                0x00000000080018b0                _usbd_standard_request
 .text.st_usbfs_v1_usbd_init
                0x00000000080018e4       0x30 /home/stuart/Dropbox/git/globLib/STM32F103CB/libopencm3/lib/libopencm3_stm32f1.a(st_usbfs_v1.o)
 .text.st_usbfs_copy_to_pm
                0x0000000008001914       0x18 /home/stuart/Dropbox/git/globLib/STM32F103CB/libopencm3/lib/libopencm3_stm32f1.a(st_usbfs_v1.o)
                0x0000000008001914                st_usbfs_copy_to_pm
 .text.st_usbfs_copy_from_pm
                0x000000000800192c       0x2a /home/stuart/Dropbox/git/globLib/STM32F103CB/libopencm3/lib/libopencm3_stm32f1.a(st_usbfs_v1.o)
                0x000000000800192c                st_usbfs_copy_from_pm
 .text.blocking_handler
                0x0000000008001956        0x2 /home/stuart/Dropbox/git/globLib/STM32F103CB/libopencm3/lib/libopencm3_stm32f1.a(vector.o)
                0x0000000008001956                tim7_isr
                0x0000000008001956                adc1_2_isr
                0x0000000008001956                tim1_trg_com_isr
                0x0000000008001956                usb_hp_can_tx_isr
                0x0000000008001956                tim6_isr
                0x0000000008001956                usb_wakeup_isr
                0x0000000008001956                blocking_handler
                0x0000000008001956                tim5_isr
                0x0000000008001956                otg_fs_isr
                0x0000000008001956                dma1_channel6_isr
                0x0000000008001956                can_rx1_isr
                0x0000000008001956                dma1_channel5_isr
                0x0000000008001956                dma2_channel5_isr
                0x0000000008001956                usage_fault_handler
                0x0000000008001956                tim8_trg_com_isr
                0x0000000008001956                can2_rx0_isr
                0x0000000008001956                tim1_brk_isr
                0x0000000008001956                can2_rx1_isr
                0x0000000008001956                sdio_isr
                0x0000000008001956                eth_isr
                0x0000000008001956                dma1_channel4_isr
                0x0000000008001956                tim8_brk_isr
                0x0000000008001956                dma2_channel4_5_isr
                0x0000000008001956                pvd_isr
                0x0000000008001956                rcc_isr
                0x0000000008001956                flash_isr
                0x0000000008001956                uart4_isr
                0x0000000008001956                rtc_alarm_isr
                0x0000000008001956                i2c1_ev_isr
                0x0000000008001956                dma2_channel1_isr
                0x0000000008001956                tim8_up_isr
                0x0000000008001956                dma2_channel2_isr
                0x0000000008001956                adc3_isr
                0x0000000008001956                usb_lp_can_rx0_isr
                0x0000000008001956                i2c2_er_isr
                0x0000000008001956                i2c2_ev_isr
                0x0000000008001956                uart5_isr
                0x0000000008001956                fsmc_isr
                0x0000000008001956                dma1_channel1_isr
                0x0000000008001956                mem_manage_handler
                0x0000000008001956                can2_tx_isr
                0x0000000008001956                dma2_channel3_isr
                0x0000000008001956                dma1_channel7_isr
                0x0000000008001956                can2_sce_isr
                0x0000000008001956                dma1_channel2_isr
                0x0000000008001956                i2c1_er_isr
                0x0000000008001956                can_sce_isr
                0x0000000008001956                tim8_cc_isr
                0x0000000008001956                tamper_isr
                0x0000000008001956                eth_wkup_isr
                0x0000000008001956                bus_fault_handler
                0x0000000008001956                wwdg_isr
                0x0000000008001956                dma1_channel3_isr
                0x0000000008001956                spi3_isr
 .text.null_handler
                0x0000000008001958        0x2 /home/stuart/Dropbox/git/globLib/STM32F103CB/libopencm3/lib/libopencm3_stm32f1.a(vector.o)
                0x0000000008001958                null_handler
                0x0000000008001958                sv_call_handler
                0x0000000008001958                pend_sv_handler
                0x0000000008001958                debug_monitor_handler
                0x0000000008001958                nmi_handler
 *fill*         0x000000000800195a        0x2 
 .text.reset_handler
                0x000000000800195c       0x90 /home/stuart/Dropbox/git/globLib/STM32F103CB/libopencm3/lib/libopencm3_stm32f1.a(vector.o)
                0x000000000800195c                reset_handler
 .text.scb_reset_system
                0x00000000080019ec       0x10 /home/stuart/Dropbox/git/globLib/STM32F103CB/libopencm3/lib/libopencm3_stm32f1.a(scb.o)
                0x00000000080019ec                scb_reset_system
 .text.st_usbfs_set_address
                0x00000000080019fc       0x10 /home/stuart/Dropbox/git/globLib/STM32F103CB/libopencm3/lib/libopencm3_stm32f1.a(st_usbfs_core.o)
                0x00000000080019fc                st_usbfs_set_address
 .text.st_usbfs_set_ep_rx_bufsize
                0x0000000008001a0c       0x3c /home/stuart/Dropbox/git/globLib/STM32F103CB/libopencm3/lib/libopencm3_stm32f1.a(st_usbfs_core.o)
                0x0000000008001a0c                st_usbfs_set_ep_rx_bufsize
 .text.st_usbfs_ep_setup
                0x0000000008001a48      0x124 /home/stuart/Dropbox/git/globLib/STM32F103CB/libopencm3/lib/libopencm3_stm32f1.a(st_usbfs_core.o)
                0x0000000008001a48                st_usbfs_ep_setup
 .text.st_usbfs_endpoints_reset
                0x0000000008001b6c       0x44 /home/stuart/Dropbox/git/globLib/STM32F103CB/libopencm3/lib/libopencm3_stm32f1.a(st_usbfs_core.o)
                0x0000000008001b6c                st_usbfs_endpoints_reset
 .text.st_usbfs_ep_stall_set
                0x0000000008001bb0       0xb0 /home/stuart/Dropbox/git/globLib/STM32F103CB/libopencm3/lib/libopencm3_stm32f1.a(st_usbfs_core.o)
                0x0000000008001bb0                st_usbfs_ep_stall_set
 .text.st_usbfs_ep_stall_get
                0x0000000008001c60       0x38 /home/stuart/Dropbox/git/globLib/STM32F103CB/libopencm3/lib/libopencm3_stm32f1.a(st_usbfs_core.o)
                0x0000000008001c60                st_usbfs_ep_stall_get
 .text.st_usbfs_ep_nak_set
                0x0000000008001c98       0x3c /home/stuart/Dropbox/git/globLib/STM32F103CB/libopencm3/lib/libopencm3_stm32f1.a(st_usbfs_core.o)
                0x0000000008001c98                st_usbfs_ep_nak_set
 .text.st_usbfs_ep_write_packet
                0x0000000008001cd4       0x88 /home/stuart/Dropbox/git/globLib/STM32F103CB/libopencm3/lib/libopencm3_stm32f1.a(st_usbfs_core.o)
                0x0000000008001cd4                st_usbfs_ep_write_packet
 .text.st_usbfs_ep_read_packet
                0x0000000008001d5c       0xb4 /home/stuart/Dropbox/git/globLib/STM32F103CB/libopencm3/lib/libopencm3_stm32f1.a(st_usbfs_core.o)
                0x0000000008001d5c                st_usbfs_ep_read_packet
 .text.st_usbfs_poll
                0x0000000008001e10       0xe0 /home/stuart/Dropbox/git/globLib/STM32F103CB/libopencm3/lib/libopencm3_stm32f1.a(st_usbfs_core.o)
                0x0000000008001e10                st_usbfs_poll
 .text.strlen   0x0000000008001ef0       0x5c /usr/lib/gcc/arm-none-eabi/4.9.3/../../../arm-none-eabi/lib/armv7-m/libg.a(lib_a-strlen.o)
                0x0000000008001ef0                strlen
                0x0000000008001f4c                . = ALIGN (0x4)
 *(.rodata*)
 .rodata.dev    0x0000000008001f4c       0x12 obj/usb_bootloader.o
                0x0000000008001f4c                dev
 .rodata.config
                0x0000000008001f5e        0xd obj/usb_bootloader.o
                0x0000000008001f5e                config
 *fill*         0x0000000008001f6b        0x1 
 .rodata.ifaces
                0x0000000008001f6c       0x10 obj/usb_bootloader.o
                0x0000000008001f6c                ifaces
 .rodata.iface  0x0000000008001f7c       0x15 obj/usb_bootloader.o
                0x0000000008001f7c                iface
 .rodata.dfu_function
                0x0000000008001f91        0x9 obj/usb_bootloader.o
                0x0000000008001f91                dfu_function
 .rodata.str1.1
                0x0000000008001f9a       0x71 obj/usb_bootloader.o
 .rodata.str1.1
                0x000000000800200b      0x50f /home/stuart/Dropbox/git/globLib/STM32F103CB/lib/stm32f103cb_debug.o
 *fill*         0x000000000800251a        0x2 
 .rodata.errordesc
                0x000000000800251c      0x138 /home/stuart/Dropbox/git/globLib/STM32F103CB/lib/stm32f103cb_debug.o
 .rodata.CSWTCH.31
                0x0000000008002654       0x28 /home/stuart/Dropbox/git/globLib/STM32F103CB/libopencm3/lib/libopencm3_stm32f1.a(usb_standard.o)
 .rodata.CSWTCH.33
                0x000000000800267c       0x30 /home/stuart/Dropbox/git/globLib/STM32F103CB/libopencm3/lib/libopencm3_stm32f1.a(usb_standard.o)
 .rodata.st_usbfs_v1_usb_driver
                0x00000000080026ac       0x34 /home/stuart/Dropbox/git/globLib/STM32F103CB/libopencm3/lib/libopencm3_stm32f1.a(st_usbfs_v1.o)
                0x00000000080026ac                st_usbfs_v1_usb_driver
 .rodata        0x00000000080026e0        0x8 /home/stuart/Dropbox/git/globLib/STM32F103CB/libopencm3/lib/libopencm3_stm32f1.a(st_usbfs_core.o)
                0x00000000080026e8                . = ALIGN (0x4)

.glue_7         0x00000000080026e8        0x0
 .glue_7        0x00000000080026e8        0x0 linker stubs

.glue_7t        0x00000000080026e8        0x0
 .glue_7t       0x00000000080026e8        0x0 linker stubs

.vfp11_veneer   0x00000000080026e8        0x0
 .vfp11_veneer  0x00000000080026e8        0x0 linker stubs

.v4_bx          0x00000000080026e8        0x0
 .v4_bx         0x00000000080026e8        0x0 linker stubs

.iplt           0x00000000080026e8        0x0
 .iplt          0x00000000080026e8        0x0 obj/usb_bootloader.o

.rel.dyn        0x00000000080026e8        0x0
 .rel.iplt      0x00000000080026e8        0x0 obj/usb_bootloader.o

.preinit_array  0x00000000080026e8        0x0
                0x00000000080026e8                . = ALIGN (0x4)
                0x00000000080026e8                __preinit_array_start = .
 *(.preinit_array)
                0x00000000080026e8                __preinit_array_end = .

.init_array     0x00000000080026e8        0x0
                0x00000000080026e8                . = ALIGN (0x4)
                0x00000000080026e8                __init_array_start = .
 *(SORT(.init_array.*))
 *(.init_array)
                0x00000000080026e8                __init_array_end = .

.fini_array     0x00000000080026e8        0x0
                0x00000000080026e8                . = ALIGN (0x4)
                0x00000000080026e8                __fini_array_start = .
 *(.fini_array)
 *(SORT(.fini_array.*))
                0x00000000080026e8                __fini_array_end = .

.ARM.extab
 *(.ARM.extab*)

.ARM.exidx      0x00000000080026e8        0x0
                0x00000000080026e8                __exidx_start = .
 *(.ARM.exidx*)
                0x00000000080026e8                __exidx_end = .
                0x00000000080026e8                . = ALIGN (0x4)
                0x00000000080026e8                _etext = .

.data           0x0000000020000000       0x20 load address 0x00000000080026e8
                0x0000000020000000                _data = .
 *(.data*)
 .data.usbdfu_state
                0x0000000020000000        0x1 obj/usb_bootloader.o
                0x0000000020000000                usbdfu_state
 *fill*         0x0000000020000001        0x3 
 .data.usb_strings
                0x0000000020000004       0x10 obj/usb_bootloader.o
                0x0000000020000004                usb_strings
 .data.rcc_ahb_frequency
                0x0000000020000014        0x4 /home/stuart/Dropbox/git/globLib/STM32F103CB/libopencm3/lib/libopencm3_stm32f1.a(rcc.o)
                0x0000000020000014                rcc_ahb_frequency
 .data.rcc_apb1_frequency
                0x0000000020000018        0x4 /home/stuart/Dropbox/git/globLib/STM32F103CB/libopencm3/lib/libopencm3_stm32f1.a(rcc.o)
                0x0000000020000018                rcc_apb1_frequency
 .data.rcc_apb2_frequency
                0x000000002000001c        0x4 /home/stuart/Dropbox/git/globLib/STM32F103CB/libopencm3/lib/libopencm3_stm32f1.a(rcc.o)
                0x000000002000001c                rcc_apb2_frequency
                0x0000000020000020                . = ALIGN (0x4)
                0x0000000020000020                _edata = .
                0x00000000080026e8                _data_loadaddr = LOADADDR (.data)

.igot.plt       0x0000000020000020        0x0 load address 0x0000000008002708
 .igot.plt      0x0000000020000020        0x0 obj/usb_bootloader.o

.bss            0x0000000020000020      0x9a4 load address 0x0000000008002708
 *(.bss*)
 .bss.usbd_control_buffer
                0x0000000020000020      0x400 obj/usb_bootloader.o
                0x0000000020000020                usbd_control_buffer
 .bss.prog      0x0000000020000420      0x40c obj/usb_bootloader.o
                0x0000000020000420                prog
 .bss.tim3_up_handler
                0x000000002000082c        0x4 /home/stuart/Dropbox/git/globLib/STM32F103CB/lib/stm32f103cb_timer.o
 .bss.t2_stat_reg
                0x0000000020000830        0x1 /home/stuart/Dropbox/git/globLib/STM32F103CB/lib/stm32f103cb_timer.o
 *fill*         0x0000000020000831        0x3 
 .bss.tim1_cc_handler
                0x0000000020000834        0x4 /home/stuart/Dropbox/git/globLib/STM32F103CB/lib/stm32f103cb_timer.o
 .bss.tim2_up_handler
                0x0000000020000838        0x4 /home/stuart/Dropbox/git/globLib/STM32F103CB/lib/stm32f103cb_timer.o
 .bss.tim4_up_handler
                0x000000002000083c        0x4 /home/stuart/Dropbox/git/globLib/STM32F103CB/lib/stm32f103cb_timer.o
 .bss.tim1_up_handler
                0x0000000020000840        0x4 /home/stuart/Dropbox/git/globLib/STM32F103CB/lib/stm32f103cb_timer.o
 .bss.usart1_isr_rx
                0x0000000020000844        0x4 /home/stuart/Dropbox/git/globLib/STM32F103CB/lib/stm32f103cb_usart.o
 .bss.usart3_isr_rx
                0x0000000020000848        0x4 /home/stuart/Dropbox/git/globLib/STM32F103CB/lib/stm32f103cb_usart.o
 .bss.usart2_isr_rx
                0x000000002000084c        0x4 /home/stuart/Dropbox/git/globLib/STM32F103CB/lib/stm32f103cb_usart.o
 .bss.usart1_isr_tx
                0x0000000020000850        0x4 /home/stuart/Dropbox/git/globLib/STM32F103CB/lib/stm32f103cb_usart.o
 .bss.usart3_isr_tx
                0x0000000020000854        0x4 /home/stuart/Dropbox/git/globLib/STM32F103CB/lib/stm32f103cb_usart.o
 .bss.usart2_isr_tx
                0x0000000020000858        0x4 /home/stuart/Dropbox/git/globLib/STM32F103CB/lib/stm32f103cb_usart.o
 .bss.spi1_rx_handler
                0x000000002000085c        0x4 /home/stuart/Dropbox/git/globLib/STM32F103CB/lib/stm32f103cb_spi.o
 .bss.spi2_tx_handler
                0x0000000020000860        0x4 /home/stuart/Dropbox/git/globLib/STM32F103CB/lib/stm32f103cb_spi.o
 .bss.spi1_tx_handler
                0x0000000020000864        0x4 /home/stuart/Dropbox/git/globLib/STM32F103CB/lib/stm32f103cb_spi.o
 .bss.spi2_rx_handler
                0x0000000020000868        0x4 /home/stuart/Dropbox/git/globLib/STM32F103CB/lib/stm32f103cb_spi.o
 .bss.pin3_handler
                0x000000002000086c        0x4 /home/stuart/Dropbox/git/globLib/STM32F103CB/lib/stm32f103cb_gpio.o
 .bss.pin1_handler
                0x0000000020000870        0x4 /home/stuart/Dropbox/git/globLib/STM32F103CB/lib/stm32f103cb_gpio.o
 .bss.pin15_handler
                0x0000000020000874        0x4 /home/stuart/Dropbox/git/globLib/STM32F103CB/lib/stm32f103cb_gpio.o
 .bss.pin8_handler
                0x0000000020000878        0x4 /home/stuart/Dropbox/git/globLib/STM32F103CB/lib/stm32f103cb_gpio.o
 .bss.pin13_handler
                0x000000002000087c        0x4 /home/stuart/Dropbox/git/globLib/STM32F103CB/lib/stm32f103cb_gpio.o
 .bss.pin6_handler
                0x0000000020000880        0x4 /home/stuart/Dropbox/git/globLib/STM32F103CB/lib/stm32f103cb_gpio.o
 .bss.pin11_handler
                0x0000000020000884        0x4 /home/stuart/Dropbox/git/globLib/STM32F103CB/lib/stm32f103cb_gpio.o
 .bss.pin4_handler
                0x0000000020000888        0x4 /home/stuart/Dropbox/git/globLib/STM32F103CB/lib/stm32f103cb_gpio.o
 .bss.pin2_handler
                0x000000002000088c        0x4 /home/stuart/Dropbox/git/globLib/STM32F103CB/lib/stm32f103cb_gpio.o
 .bss.pin0_handler
                0x0000000020000890        0x4 /home/stuart/Dropbox/git/globLib/STM32F103CB/lib/stm32f103cb_gpio.o
 .bss.pin9_handler
                0x0000000020000894        0x4 /home/stuart/Dropbox/git/globLib/STM32F103CB/lib/stm32f103cb_gpio.o
 .bss.pin14_handler
                0x0000000020000898        0x4 /home/stuart/Dropbox/git/globLib/STM32F103CB/lib/stm32f103cb_gpio.o
 .bss.pin7_handler
                0x000000002000089c        0x4 /home/stuart/Dropbox/git/globLib/STM32F103CB/lib/stm32f103cb_gpio.o
 .bss.pin12_handler
                0x00000000200008a0        0x4 /home/stuart/Dropbox/git/globLib/STM32F103CB/lib/stm32f103cb_gpio.o
 .bss.pin5_handler
                0x00000000200008a4        0x4 /home/stuart/Dropbox/git/globLib/STM32F103CB/lib/stm32f103cb_gpio.o
 .bss.pin10_handler
                0x00000000200008a8        0x4 /home/stuart/Dropbox/git/globLib/STM32F103CB/lib/stm32f103cb_gpio.o
 .bss.debug_out
                0x00000000200008ac        0x4 /home/stuart/Dropbox/git/globLib/STM32F103CB/lib/stm32f103cb_debug.o
 .bss.rtc_resolution_handler
                0x00000000200008b0        0x4 /home/stuart/Dropbox/git/globLib/STM32F103CB/lib/stm32f103cb_rtc.o
 .bss.rtc_overflow_handler
                0x00000000200008b4        0x4 /home/stuart/Dropbox/git/globLib/STM32F103CB/lib/stm32f103cb_rtc.o
 .bss.rtc_alarm_handler
                0x00000000200008b8        0x4 /home/stuart/Dropbox/git/globLib/STM32F103CB/lib/stm32f103cb_rtc.o
 .bss.systick_handler
                0x00000000200008bc        0x4 /home/stuart/Dropbox/git/globLib/STM32F103CB/lib/stm32f103cb_systick.o
                0x00000000200008bc                systick_handler
 .bss.st_usbfs_force_nak
                0x00000000200008c0        0x8 /home/stuart/Dropbox/git/globLib/STM32F103CB/libopencm3/lib/libopencm3_stm32f1.a(st_usbfs_core.o)
                0x00000000200008c0                st_usbfs_force_nak
 .bss.st_usbfs_dev
                0x00000000200008c8       0xfc /home/stuart/Dropbox/git/globLib/STM32F103CB/libopencm3/lib/libopencm3_stm32f1.a(st_usbfs_core.o)
                0x00000000200008c8                st_usbfs_dev
 *(COMMON)
                0x00000000200009c4                . = ALIGN (0x4)
                0x00000000200009c4                _ebss = .

/DISCARD/
 *(.eh_frame)
                0x00000000200009c4                . = ALIGN (0x4)
                0x00000000200009c4                end = .
                0x0000000020005000                PROVIDE (_stack, (ORIGIN (ram) + LENGTH (ram)))
OUTPUT(bin/STM32F1_USB_bootloader.elf elf32-littlearm)

.comment        0x0000000000000000       0x70
 .comment       0x0000000000000000       0x38 obj/usb_bootloader.o
                                         0x39 (size before relaxing)
 .comment       0x0000000000000038       0x39 /home/stuart/Dropbox/git/globLib/STM32F103CB/lib/stm32f103cb_timer.o
 .comment       0x0000000000000038       0x39 /home/stuart/Dropbox/git/globLib/STM32F103CB/lib/stm32f103cb_usart.o
 .comment       0x0000000000000038       0x39 /home/stuart/Dropbox/git/globLib/STM32F103CB/lib/stm32f103cb_spi.o
 .comment       0x0000000000000038       0x39 /home/stuart/Dropbox/git/globLib/STM32F103CB/lib/stm32f103cb_gpio.o
 .comment       0x0000000000000038       0x39 /home/stuart/Dropbox/git/globLib/STM32F103CB/lib/stm32f103cb_usb.o
 .comment       0x0000000000000038       0x39 /home/stuart/Dropbox/git/globLib/STM32F103CB/lib/stm32f103cb_power.o
 .comment       0x0000000000000038       0x39 /home/stuart/Dropbox/git/globLib/STM32F103CB/lib/stm32f103cb_debug.o
 .comment       0x0000000000000038       0x39 /home/stuart/Dropbox/git/globLib/STM32F103CB/lib/stm32f103cb_rtc.o
 .comment       0x0000000000000038       0x39 /home/stuart/Dropbox/git/globLib/STM32F103CB/lib/stm32f103cb_systick.o
 .comment       0x0000000000000038       0x39 /home/stuart/Dropbox/git/globLib/STM32F103CB/libopencm3/lib/libopencm3_stm32f1.a(flash.o)
 .comment       0x0000000000000038       0x39 /home/stuart/Dropbox/git/globLib/STM32F103CB/libopencm3/lib/libopencm3_stm32f1.a(gpio.o)
 .comment       0x0000000000000038       0x39 /home/stuart/Dropbox/git/globLib/STM32F103CB/libopencm3/lib/libopencm3_stm32f1.a(rcc.o)
 .comment       0x0000000000000038       0x39 /home/stuart/Dropbox/git/globLib/STM32F103CB/libopencm3/lib/libopencm3_stm32f1.a(rtc.o)
 .comment       0x0000000000000038       0x39 /home/stuart/Dropbox/git/globLib/STM32F103CB/libopencm3/lib/libopencm3_stm32f1.a(gpio_common_all.o)
 .comment       0x0000000000000038       0x39 /home/stuart/Dropbox/git/globLib/STM32F103CB/libopencm3/lib/libopencm3_stm32f1.a(pwr_common_v1.o)
 .comment       0x0000000000000038       0x39 /home/stuart/Dropbox/git/globLib/STM32F103CB/libopencm3/lib/libopencm3_stm32f1.a(timer_common_all.o)
 .comment       0x0000000000000038       0x39 /home/stuart/Dropbox/git/globLib/STM32F103CB/libopencm3/lib/libopencm3_stm32f1.a(rcc_common_all.o)
 .comment       0x0000000000000038       0x39 /home/stuart/Dropbox/git/globLib/STM32F103CB/libopencm3/lib/libopencm3_stm32f1.a(exti_common_all.o)
 .comment       0x0000000000000038       0x39 /home/stuart/Dropbox/git/globLib/STM32F103CB/libopencm3/lib/libopencm3_stm32f1.a(flash_common_f01.o)
 .comment       0x0000000000000038       0x39 /home/stuart/Dropbox/git/globLib/STM32F103CB/libopencm3/lib/libopencm3_stm32f1.a(usb.o)
 .comment       0x0000000000000038       0x39 /home/stuart/Dropbox/git/globLib/STM32F103CB/libopencm3/lib/libopencm3_stm32f1.a(usb_control.o)
 .comment       0x0000000000000038       0x39 /home/stuart/Dropbox/git/globLib/STM32F103CB/libopencm3/lib/libopencm3_stm32f1.a(usb_standard.o)
 .comment       0x0000000000000038       0x39 /home/stuart/Dropbox/git/globLib/STM32F103CB/libopencm3/lib/libopencm3_stm32f1.a(st_usbfs_v1.o)
 .comment       0x0000000000000038       0x39 /home/stuart/Dropbox/git/globLib/STM32F103CB/libopencm3/lib/libopencm3_stm32f1.a(vector.o)
 .comment       0x0000000000000038       0x39 /home/stuart/Dropbox/git/globLib/STM32F103CB/libopencm3/lib/libopencm3_stm32f1.a(scb.o)
 .comment       0x0000000000000038       0x39 /home/stuart/Dropbox/git/globLib/STM32F103CB/libopencm3/lib/libopencm3_stm32f1.a(st_usbfs_core.o)
 .comment       0x0000000000000038       0x38 /usr/lib/gcc/arm-none-eabi/4.9.3/../../../arm-none-eabi/lib/armv7-m/libg.a(lib_a-strlen.o)
                                         0x39 (size before relaxing)

.ARM.attributes
                0x0000000000000000       0x31
 .ARM.attributes
                0x0000000000000000       0x33 obj/usb_bootloader.o
 .ARM.attributes
                0x0000000000000033       0x33 /home/stuart/Dropbox/git/globLib/STM32F103CB/lib/stm32f103cb_timer.o
 .ARM.attributes
                0x0000000000000066       0x33 /home/stuart/Dropbox/git/globLib/STM32F103CB/lib/stm32f103cb_usart.o
 .ARM.attributes
                0x0000000000000099       0x33 /home/stuart/Dropbox/git/globLib/STM32F103CB/lib/stm32f103cb_spi.o
 .ARM.attributes
                0x00000000000000cc       0x33 /home/stuart/Dropbox/git/globLib/STM32F103CB/lib/stm32f103cb_gpio.o
 .ARM.attributes
                0x00000000000000ff       0x33 /home/stuart/Dropbox/git/globLib/STM32F103CB/lib/stm32f103cb_usb.o
 .ARM.attributes
                0x0000000000000132       0x33 /home/stuart/Dropbox/git/globLib/STM32F103CB/lib/stm32f103cb_power.o
 .ARM.attributes
                0x0000000000000165       0x33 /home/stuart/Dropbox/git/globLib/STM32F103CB/lib/stm32f103cb_debug.o
 .ARM.attributes
                0x0000000000000198       0x33 /home/stuart/Dropbox/git/globLib/STM32F103CB/lib/stm32f103cb_rtc.o
 .ARM.attributes
                0x00000000000001cb       0x33 /home/stuart/Dropbox/git/globLib/STM32F103CB/lib/stm32f103cb_systick.o
 .ARM.attributes
                0x00000000000001fe       0x1b /usr/lib/gcc/arm-none-eabi/4.9.3/../../../arm-none-eabi/lib/armv7-m/libc.a(lib_a-memcpy.o)
 .ARM.attributes
                0x0000000000000219       0x33 /home/stuart/Dropbox/git/globLib/STM32F103CB/libopencm3/lib/libopencm3_stm32f1.a(flash.o)
 .ARM.attributes
                0x000000000000024c       0x33 /home/stuart/Dropbox/git/globLib/STM32F103CB/libopencm3/lib/libopencm3_stm32f1.a(gpio.o)
 .ARM.attributes
                0x000000000000027f       0x33 /home/stuart/Dropbox/git/globLib/STM32F103CB/libopencm3/lib/libopencm3_stm32f1.a(rcc.o)
 .ARM.attributes
                0x00000000000002b2       0x33 /home/stuart/Dropbox/git/globLib/STM32F103CB/libopencm3/lib/libopencm3_stm32f1.a(rtc.o)
 .ARM.attributes
                0x00000000000002e5       0x33 /home/stuart/Dropbox/git/globLib/STM32F103CB/libopencm3/lib/libopencm3_stm32f1.a(gpio_common_all.o)
 .ARM.attributes
                0x0000000000000318       0x33 /home/stuart/Dropbox/git/globLib/STM32F103CB/libopencm3/lib/libopencm3_stm32f1.a(pwr_common_v1.o)
 .ARM.attributes
                0x000000000000034b       0x33 /home/stuart/Dropbox/git/globLib/STM32F103CB/libopencm3/lib/libopencm3_stm32f1.a(timer_common_all.o)
 .ARM.attributes
                0x000000000000037e       0x33 /home/stuart/Dropbox/git/globLib/STM32F103CB/libopencm3/lib/libopencm3_stm32f1.a(rcc_common_all.o)
 .ARM.attributes
                0x00000000000003b1       0x33 /home/stuart/Dropbox/git/globLib/STM32F103CB/libopencm3/lib/libopencm3_stm32f1.a(exti_common_all.o)
 .ARM.attributes
                0x00000000000003e4       0x33 /home/stuart/Dropbox/git/globLib/STM32F103CB/libopencm3/lib/libopencm3_stm32f1.a(flash_common_f01.o)
 .ARM.attributes
                0x0000000000000417       0x33 /home/stuart/Dropbox/git/globLib/STM32F103CB/libopencm3/lib/libopencm3_stm32f1.a(usb.o)
 .ARM.attributes
                0x000000000000044a       0x33 /home/stuart/Dropbox/git/globLib/STM32F103CB/libopencm3/lib/libopencm3_stm32f1.a(usb_control.o)
 .ARM.attributes
                0x000000000000047d       0x33 /home/stuart/Dropbox/git/globLib/STM32F103CB/libopencm3/lib/libopencm3_stm32f1.a(usb_standard.o)
 .ARM.attributes
                0x00000000000004b0       0x33 /home/stuart/Dropbox/git/globLib/STM32F103CB/libopencm3/lib/libopencm3_stm32f1.a(st_usbfs_v1.o)
 .ARM.attributes
                0x00000000000004e3       0x33 /home/stuart/Dropbox/git/globLib/STM32F103CB/libopencm3/lib/libopencm3_stm32f1.a(vector.o)
 .ARM.attributes
                0x0000000000000516       0x33 /home/stuart/Dropbox/git/globLib/STM32F103CB/libopencm3/lib/libopencm3_stm32f1.a(scb.o)
 .ARM.attributes
                0x0000000000000549       0x33 /home/stuart/Dropbox/git/globLib/STM32F103CB/libopencm3/lib/libopencm3_stm32f1.a(st_usbfs_core.o)
 .ARM.attributes
                0x000000000000057c       0x2d /usr/lib/gcc/arm-none-eabi/4.9.3/../../../arm-none-eabi/lib/armv7-m/libg.a(lib_a-strlen.o)

.debug_line     0x0000000000000000     0x3d97
 .debug_line    0x0000000000000000       0xbb /usr/lib/gcc/arm-none-eabi/4.9.3/../../../arm-none-eabi/lib/armv7-m/libc.a(lib_a-memcpy.o)
 .debug_line    0x00000000000000bb      0x318 /home/stuart/Dropbox/git/globLib/STM32F103CB/libopencm3/lib/libopencm3_stm32f1.a(flash.o)
 .debug_line    0x00000000000003d3      0x247 /home/stuart/Dropbox/git/globLib/STM32F103CB/libopencm3/lib/libopencm3_stm32f1.a(gpio.o)
 .debug_line    0x000000000000061a      0x5d4 /home/stuart/Dropbox/git/globLib/STM32F103CB/libopencm3/lib/libopencm3_stm32f1.a(rcc.o)
 .debug_line    0x0000000000000bee      0x3bc /home/stuart/Dropbox/git/globLib/STM32F103CB/libopencm3/lib/libopencm3_stm32f1.a(rtc.o)
 .debug_line    0x0000000000000faa      0x280 /home/stuart/Dropbox/git/globLib/STM32F103CB/libopencm3/lib/libopencm3_stm32f1.a(gpio_common_all.o)
 .debug_line    0x000000000000122a      0x2fa /home/stuart/Dropbox/git/globLib/STM32F103CB/libopencm3/lib/libopencm3_stm32f1.a(pwr_common_v1.o)
 .debug_line    0x0000000000001524      0x801 /home/stuart/Dropbox/git/globLib/STM32F103CB/libopencm3/lib/libopencm3_stm32f1.a(timer_common_all.o)
 .debug_line    0x0000000000001d25      0x2cb /home/stuart/Dropbox/git/globLib/STM32F103CB/libopencm3/lib/libopencm3_stm32f1.a(rcc_common_all.o)
 .debug_line    0x0000000000001ff0      0x2be /home/stuart/Dropbox/git/globLib/STM32F103CB/libopencm3/lib/libopencm3_stm32f1.a(exti_common_all.o)
 .debug_line    0x00000000000022ae      0x30b /home/stuart/Dropbox/git/globLib/STM32F103CB/libopencm3/lib/libopencm3_stm32f1.a(flash_common_f01.o)
 .debug_line    0x00000000000025b9      0x311 /home/stuart/Dropbox/git/globLib/STM32F103CB/libopencm3/lib/libopencm3_stm32f1.a(usb.o)
 .debug_line    0x00000000000028ca      0x365 /home/stuart/Dropbox/git/globLib/STM32F103CB/libopencm3/lib/libopencm3_stm32f1.a(usb_control.o)
 .debug_line    0x0000000000002c2f      0x493 /home/stuart/Dropbox/git/globLib/STM32F103CB/libopencm3/lib/libopencm3_stm32f1.a(usb_standard.o)
 .debug_line    0x00000000000030c2      0x327 /home/stuart/Dropbox/git/globLib/STM32F103CB/libopencm3/lib/libopencm3_stm32f1.a(st_usbfs_v1.o)
 .debug_line    0x00000000000033e9      0x291 /home/stuart/Dropbox/git/globLib/STM32F103CB/libopencm3/lib/libopencm3_stm32f1.a(vector.o)
 .debug_line    0x000000000000367a      0x20b /home/stuart/Dropbox/git/globLib/STM32F103CB/libopencm3/lib/libopencm3_stm32f1.a(scb.o)
 .debug_line    0x0000000000003885      0x420 /home/stuart/Dropbox/git/globLib/STM32F103CB/libopencm3/lib/libopencm3_stm32f1.a(st_usbfs_core.o)
 .debug_line    0x0000000000003ca5       0xf2 /usr/lib/gcc/arm-none-eabi/4.9.3/../../../arm-none-eabi/lib/armv7-m/libg.a(lib_a-strlen.o)

.debug_info     0x0000000000000000     0x8db7
 .debug_info    0x0000000000000000       0xcd /usr/lib/gcc/arm-none-eabi/4.9.3/../../../arm-none-eabi/lib/armv7-m/libc.a(lib_a-memcpy.o)
 .debug_info    0x00000000000000cd      0x297 /home/stuart/Dropbox/git/globLib/STM32F103CB/libopencm3/lib/libopencm3_stm32f1.a(flash.o)
 .debug_info    0x0000000000000364      0x1df /home/stuart/Dropbox/git/globLib/STM32F103CB/libopencm3/lib/libopencm3_stm32f1.a(gpio.o)
 .debug_info    0x0000000000000543     0x10fd /home/stuart/Dropbox/git/globLib/STM32F103CB/libopencm3/lib/libopencm3_stm32f1.a(rcc.o)
 .debug_info    0x0000000000001640      0x6ae /home/stuart/Dropbox/git/globLib/STM32F103CB/libopencm3/lib/libopencm3_stm32f1.a(rtc.o)
 .debug_info    0x0000000000001cee      0x22c /home/stuart/Dropbox/git/globLib/STM32F103CB/libopencm3/lib/libopencm3_stm32f1.a(gpio_common_all.o)
 .debug_info    0x0000000000001f1a      0x1ac /home/stuart/Dropbox/git/globLib/STM32F103CB/libopencm3/lib/libopencm3_stm32f1.a(pwr_common_v1.o)
 .debug_info    0x00000000000020c6     0x117e /home/stuart/Dropbox/git/globLib/STM32F103CB/libopencm3/lib/libopencm3_stm32f1.a(timer_common_all.o)
 .debug_info    0x0000000000003244      0x5b8 /home/stuart/Dropbox/git/globLib/STM32F103CB/libopencm3/lib/libopencm3_stm32f1.a(rcc_common_all.o)
 .debug_info    0x00000000000037fc      0x204 /home/stuart/Dropbox/git/globLib/STM32F103CB/libopencm3/lib/libopencm3_stm32f1.a(exti_common_all.o)
 .debug_info    0x0000000000003a00      0x27f /home/stuart/Dropbox/git/globLib/STM32F103CB/libopencm3/lib/libopencm3_stm32f1.a(flash_common_f01.o)
 .debug_info    0x0000000000003c7f      0xdc4 /home/stuart/Dropbox/git/globLib/STM32F103CB/libopencm3/lib/libopencm3_stm32f1.a(usb.o)
 .debug_info    0x0000000000004a43      0xf96 /home/stuart/Dropbox/git/globLib/STM32F103CB/libopencm3/lib/libopencm3_stm32f1.a(usb_control.o)
 .debug_info    0x00000000000059d9     0x14d3 /home/stuart/Dropbox/git/globLib/STM32F103CB/libopencm3/lib/libopencm3_stm32f1.a(usb_standard.o)
 .debug_info    0x0000000000006eac      0xc32 /home/stuart/Dropbox/git/globLib/STM32F103CB/libopencm3/lib/libopencm3_stm32f1.a(st_usbfs_v1.o)
 .debug_info    0x0000000000007ade      0x2a0 /home/stuart/Dropbox/git/globLib/STM32F103CB/libopencm3/lib/libopencm3_stm32f1.a(vector.o)
 .debug_info    0x0000000000007d7e       0xd7 /home/stuart/Dropbox/git/globLib/STM32F103CB/libopencm3/lib/libopencm3_stm32f1.a(scb.o)
 .debug_info    0x0000000000007e55      0xead /home/stuart/Dropbox/git/globLib/STM32F103CB/libopencm3/lib/libopencm3_stm32f1.a(st_usbfs_core.o)
 .debug_info    0x0000000000008d02       0xb5 /usr/lib/gcc/arm-none-eabi/4.9.3/../../../arm-none-eabi/lib/armv7-m/libg.a(lib_a-strlen.o)

.debug_abbrev   0x0000000000000000     0x1b92
 .debug_abbrev  0x0000000000000000       0x14 /usr/lib/gcc/arm-none-eabi/4.9.3/../../../arm-none-eabi/lib/armv7-m/libc.a(lib_a-memcpy.o)
 .debug_abbrev  0x0000000000000014      0x11a /home/stuart/Dropbox/git/globLib/STM32F103CB/libopencm3/lib/libopencm3_stm32f1.a(flash.o)
 .debug_abbrev  0x000000000000012e       0xb7 /home/stuart/Dropbox/git/globLib/STM32F103CB/libopencm3/lib/libopencm3_stm32f1.a(gpio.o)
 .debug_abbrev  0x00000000000001e5      0x291 /home/stuart/Dropbox/git/globLib/STM32F103CB/libopencm3/lib/libopencm3_stm32f1.a(rcc.o)
 .debug_abbrev  0x0000000000000476      0x1b6 /home/stuart/Dropbox/git/globLib/STM32F103CB/libopencm3/lib/libopencm3_stm32f1.a(rtc.o)
 .debug_abbrev  0x000000000000062c      0x10e /home/stuart/Dropbox/git/globLib/STM32F103CB/libopencm3/lib/libopencm3_stm32f1.a(gpio_common_all.o)
 .debug_abbrev  0x000000000000073a       0x95 /home/stuart/Dropbox/git/globLib/STM32F103CB/libopencm3/lib/libopencm3_stm32f1.a(pwr_common_v1.o)
 .debug_abbrev  0x00000000000007cf      0x15c /home/stuart/Dropbox/git/globLib/STM32F103CB/libopencm3/lib/libopencm3_stm32f1.a(timer_common_all.o)
 .debug_abbrev  0x000000000000092b       0xc1 /home/stuart/Dropbox/git/globLib/STM32F103CB/libopencm3/lib/libopencm3_stm32f1.a(rcc_common_all.o)
 .debug_abbrev  0x00000000000009ec       0xe5 /home/stuart/Dropbox/git/globLib/STM32F103CB/libopencm3/lib/libopencm3_stm32f1.a(exti_common_all.o)
 .debug_abbrev  0x0000000000000ad1       0xe7 /home/stuart/Dropbox/git/globLib/STM32F103CB/libopencm3/lib/libopencm3_stm32f1.a(flash_common_f01.o)
 .debug_abbrev  0x0000000000000bb8      0x1fd /home/stuart/Dropbox/git/globLib/STM32F103CB/libopencm3/lib/libopencm3_stm32f1.a(usb.o)
 .debug_abbrev  0x0000000000000db5      0x330 /home/stuart/Dropbox/git/globLib/STM32F103CB/libopencm3/lib/libopencm3_stm32f1.a(usb_control.o)
 .debug_abbrev  0x00000000000010e5      0x424 /home/stuart/Dropbox/git/globLib/STM32F103CB/libopencm3/lib/libopencm3_stm32f1.a(usb_standard.o)
 .debug_abbrev  0x0000000000001509      0x1e7 /home/stuart/Dropbox/git/globLib/STM32F103CB/libopencm3/lib/libopencm3_stm32f1.a(st_usbfs_v1.o)
 .debug_abbrev  0x00000000000016f0      0x138 /home/stuart/Dropbox/git/globLib/STM32F103CB/libopencm3/lib/libopencm3_stm32f1.a(vector.o)
 .debug_abbrev  0x0000000000001828       0x79 /home/stuart/Dropbox/git/globLib/STM32F103CB/libopencm3/lib/libopencm3_stm32f1.a(scb.o)
 .debug_abbrev  0x00000000000018a1      0x281 /home/stuart/Dropbox/git/globLib/STM32F103CB/libopencm3/lib/libopencm3_stm32f1.a(st_usbfs_core.o)
 .debug_abbrev  0x0000000000001b22       0x70 /usr/lib/gcc/arm-none-eabi/4.9.3/../../../arm-none-eabi/lib/armv7-m/libg.a(lib_a-strlen.o)

.debug_aranges  0x0000000000000000      0xa10
 .debug_aranges
                0x0000000000000000       0x20 /usr/lib/gcc/arm-none-eabi/4.9.3/../../../arm-none-eabi/lib/armv7-m/libc.a(lib_a-memcpy.o)
 .debug_aranges
                0x0000000000000020       0x80 /home/stuart/Dropbox/git/globLib/STM32F103CB/libopencm3/lib/libopencm3_stm32f1.a(flash.o)
 .debug_aranges
                0x00000000000000a0       0x38 /home/stuart/Dropbox/git/globLib/STM32F103CB/libopencm3/lib/libopencm3_stm32f1.a(gpio.o)
 .debug_aranges
                0x00000000000000d8      0x158 /home/stuart/Dropbox/git/globLib/STM32F103CB/libopencm3/lib/libopencm3_stm32f1.a(rcc.o)
 .debug_aranges
                0x0000000000000230       0xa0 /home/stuart/Dropbox/git/globLib/STM32F103CB/libopencm3/lib/libopencm3_stm32f1.a(rtc.o)
 .debug_aranges
                0x00000000000002d0       0x50 /home/stuart/Dropbox/git/globLib/STM32F103CB/libopencm3/lib/libopencm3_stm32f1.a(gpio_common_all.o)
 .debug_aranges
                0x0000000000000320       0x90 /home/stuart/Dropbox/git/globLib/STM32F103CB/libopencm3/lib/libopencm3_stm32f1.a(pwr_common_v1.o)
 .debug_aranges
                0x00000000000003b0      0x278 /home/stuart/Dropbox/git/globLib/STM32F103CB/libopencm3/lib/libopencm3_stm32f1.a(timer_common_all.o)
 .debug_aranges
                0x0000000000000628       0x78 /home/stuart/Dropbox/git/globLib/STM32F103CB/libopencm3/lib/libopencm3_stm32f1.a(rcc_common_all.o)
 .debug_aranges
                0x00000000000006a0       0x48 /home/stuart/Dropbox/git/globLib/STM32F103CB/libopencm3/lib/libopencm3_stm32f1.a(exti_common_all.o)
 .debug_aranges
                0x00000000000006e8       0x88 /home/stuart/Dropbox/git/globLib/STM32F103CB/libopencm3/lib/libopencm3_stm32f1.a(flash_common_f01.o)
 .debug_aranges
                0x0000000000000770       0x88 /home/stuart/Dropbox/git/globLib/STM32F103CB/libopencm3/lib/libopencm3_stm32f1.a(usb.o)
 .debug_aranges
                0x00000000000007f8       0x60 /home/stuart/Dropbox/git/globLib/STM32F103CB/libopencm3/lib/libopencm3_stm32f1.a(usb_control.o)
 .debug_aranges
                0x0000000000000858       0xa0 /home/stuart/Dropbox/git/globLib/STM32F103CB/libopencm3/lib/libopencm3_stm32f1.a(usb_standard.o)
 .debug_aranges
                0x00000000000008f8       0x30 /home/stuart/Dropbox/git/globLib/STM32F103CB/libopencm3/lib/libopencm3_stm32f1.a(st_usbfs_v1.o)
 .debug_aranges
                0x0000000000000928       0x30 /home/stuart/Dropbox/git/globLib/STM32F103CB/libopencm3/lib/libopencm3_stm32f1.a(vector.o)
 .debug_aranges
                0x0000000000000958       0x30 /home/stuart/Dropbox/git/globLib/STM32F103CB/libopencm3/lib/libopencm3_stm32f1.a(scb.o)
 .debug_aranges
                0x0000000000000988       0x68 /home/stuart/Dropbox/git/globLib/STM32F103CB/libopencm3/lib/libopencm3_stm32f1.a(st_usbfs_core.o)
 .debug_aranges
                0x00000000000009f0       0x20 /usr/lib/gcc/arm-none-eabi/4.9.3/../../../arm-none-eabi/lib/armv7-m/libg.a(lib_a-strlen.o)

.debug_loc      0x0000000000000000     0x3899
 .debug_loc     0x0000000000000000       0x9c /home/stuart/Dropbox/git/globLib/STM32F103CB/libopencm3/lib/libopencm3_stm32f1.a(flash.o)
 .debug_loc     0x000000000000009c      0x19f /home/stuart/Dropbox/git/globLib/STM32F103CB/libopencm3/lib/libopencm3_stm32f1.a(gpio.o)
 .debug_loc     0x000000000000023b      0x3f2 /home/stuart/Dropbox/git/globLib/STM32F103CB/libopencm3/lib/libopencm3_stm32f1.a(rcc.o)
 .debug_loc     0x000000000000062d      0x284 /home/stuart/Dropbox/git/globLib/STM32F103CB/libopencm3/lib/libopencm3_stm32f1.a(rtc.o)
 .debug_loc     0x00000000000008b1       0x84 /home/stuart/Dropbox/git/globLib/STM32F103CB/libopencm3/lib/libopencm3_stm32f1.a(gpio_common_all.o)
 .debug_loc     0x0000000000000935       0x21 /home/stuart/Dropbox/git/globLib/STM32F103CB/libopencm3/lib/libopencm3_stm32f1.a(pwr_common_v1.o)
 .debug_loc     0x0000000000000956      0x506 /home/stuart/Dropbox/git/globLib/STM32F103CB/libopencm3/lib/libopencm3_stm32f1.a(timer_common_all.o)
 .debug_loc     0x0000000000000e5c      0x14a /home/stuart/Dropbox/git/globLib/STM32F103CB/libopencm3/lib/libopencm3_stm32f1.a(rcc_common_all.o)
 .debug_loc     0x0000000000000fa6      0x1c5 /home/stuart/Dropbox/git/globLib/STM32F103CB/libopencm3/lib/libopencm3_stm32f1.a(exti_common_all.o)
 .debug_loc     0x000000000000116b       0xd3 /home/stuart/Dropbox/git/globLib/STM32F103CB/libopencm3/lib/libopencm3_stm32f1.a(flash_common_f01.o)
 .debug_loc     0x000000000000123e      0x4b1 /home/stuart/Dropbox/git/globLib/STM32F103CB/libopencm3/lib/libopencm3_stm32f1.a(usb.o)
 .debug_loc     0x00000000000016ef      0x6b2 /home/stuart/Dropbox/git/globLib/STM32F103CB/libopencm3/lib/libopencm3_stm32f1.a(usb_control.o)
 .debug_loc     0x0000000000001da1     0x11b2 /home/stuart/Dropbox/git/globLib/STM32F103CB/libopencm3/lib/libopencm3_stm32f1.a(usb_standard.o)
 .debug_loc     0x0000000000002f53      0x157 /home/stuart/Dropbox/git/globLib/STM32F103CB/libopencm3/lib/libopencm3_stm32f1.a(st_usbfs_v1.o)
 .debug_loc     0x00000000000030aa       0xac /home/stuart/Dropbox/git/globLib/STM32F103CB/libopencm3/lib/libopencm3_stm32f1.a(vector.o)
 .debug_loc     0x0000000000003156       0x21 /home/stuart/Dropbox/git/globLib/STM32F103CB/libopencm3/lib/libopencm3_stm32f1.a(scb.o)
 .debug_loc     0x0000000000003177      0x701 /home/stuart/Dropbox/git/globLib/STM32F103CB/libopencm3/lib/libopencm3_stm32f1.a(st_usbfs_core.o)
 .debug_loc     0x0000000000003878       0x21 /usr/lib/gcc/arm-none-eabi/4.9.3/../../../arm-none-eabi/lib/armv7-m/libg.a(lib_a-strlen.o)

.debug_ranges   0x0000000000000000      0xa00
 .debug_ranges  0x0000000000000000       0x70 /home/stuart/Dropbox/git/globLib/STM32F103CB/libopencm3/lib/libopencm3_stm32f1.a(flash.o)
 .debug_ranges  0x0000000000000070       0x28 /home/stuart/Dropbox/git/globLib/STM32F103CB/libopencm3/lib/libopencm3_stm32f1.a(gpio.o)
 .debug_ranges  0x0000000000000098      0x1a8 /home/stuart/Dropbox/git/globLib/STM32F103CB/libopencm3/lib/libopencm3_stm32f1.a(rcc.o)
 .debug_ranges  0x0000000000000240       0x90 /home/stuart/Dropbox/git/globLib/STM32F103CB/libopencm3/lib/libopencm3_stm32f1.a(rtc.o)
 .debug_ranges  0x00000000000002d0       0x40 /home/stuart/Dropbox/git/globLib/STM32F103CB/libopencm3/lib/libopencm3_stm32f1.a(gpio_common_all.o)
 .debug_ranges  0x0000000000000310       0x80 /home/stuart/Dropbox/git/globLib/STM32F103CB/libopencm3/lib/libopencm3_stm32f1.a(pwr_common_v1.o)
 .debug_ranges  0x0000000000000390      0x268 /home/stuart/Dropbox/git/globLib/STM32F103CB/libopencm3/lib/libopencm3_stm32f1.a(timer_common_all.o)
 .debug_ranges  0x00000000000005f8       0x68 /home/stuart/Dropbox/git/globLib/STM32F103CB/libopencm3/lib/libopencm3_stm32f1.a(rcc_common_all.o)
 .debug_ranges  0x0000000000000660       0x38 /home/stuart/Dropbox/git/globLib/STM32F103CB/libopencm3/lib/libopencm3_stm32f1.a(exti_common_all.o)
 .debug_ranges  0x0000000000000698       0x78 /home/stuart/Dropbox/git/globLib/STM32F103CB/libopencm3/lib/libopencm3_stm32f1.a(flash_common_f01.o)
 .debug_ranges  0x0000000000000710       0x78 /home/stuart/Dropbox/git/globLib/STM32F103CB/libopencm3/lib/libopencm3_stm32f1.a(usb.o)
 .debug_ranges  0x0000000000000788       0x80 /home/stuart/Dropbox/git/globLib/STM32F103CB/libopencm3/lib/libopencm3_stm32f1.a(usb_control.o)
 .debug_ranges  0x0000000000000808       0xe0 /home/stuart/Dropbox/git/globLib/STM32F103CB/libopencm3/lib/libopencm3_stm32f1.a(usb_standard.o)
 .debug_ranges  0x00000000000008e8       0x20 /home/stuart/Dropbox/git/globLib/STM32F103CB/libopencm3/lib/libopencm3_stm32f1.a(st_usbfs_v1.o)
 .debug_ranges  0x0000000000000908       0x20 /home/stuart/Dropbox/git/globLib/STM32F103CB/libopencm3/lib/libopencm3_stm32f1.a(vector.o)
 .debug_ranges  0x0000000000000928       0x20 /home/stuart/Dropbox/git/globLib/STM32F103CB/libopencm3/lib/libopencm3_stm32f1.a(scb.o)
 .debug_ranges  0x0000000000000948       0xa8 /home/stuart/Dropbox/git/globLib/STM32F103CB/libopencm3/lib/libopencm3_stm32f1.a(st_usbfs_core.o)
 .debug_ranges  0x00000000000009f0       0x10 /usr/lib/gcc/arm-none-eabi/4.9.3/../../../arm-none-eabi/lib/armv7-m/libg.a(lib_a-strlen.o)

.debug_macro    0x0000000000000000     0x4d03
 .debug_macro   0x0000000000000000       0xba /home/stuart/Dropbox/git/globLib/STM32F103CB/libopencm3/lib/libopencm3_stm32f1.a(flash.o)
 .debug_macro   0x00000000000000ba       0xdc /home/stuart/Dropbox/git/globLib/STM32F103CB/libopencm3/lib/libopencm3_stm32f1.a(flash.o)
 .debug_macro   0x0000000000000196       0x82 /home/stuart/Dropbox/git/globLib/STM32F103CB/libopencm3/lib/libopencm3_stm32f1.a(flash.o)
 .debug_macro   0x0000000000000218       0xaa /home/stuart/Dropbox/git/globLib/STM32F103CB/libopencm3/lib/libopencm3_stm32f1.a(gpio.o)
 .debug_macro   0x00000000000002c2       0x76 /home/stuart/Dropbox/git/globLib/STM32F103CB/libopencm3/lib/libopencm3_stm32f1.a(gpio.o)
 .debug_macro   0x0000000000000338      0xdfd /home/stuart/Dropbox/git/globLib/STM32F103CB/libopencm3/lib/libopencm3_stm32f1.a(gpio.o)
 .debug_macro   0x0000000000001135       0xd1 /home/stuart/Dropbox/git/globLib/STM32F103CB/libopencm3/lib/libopencm3_stm32f1.a(rcc.o)
 .debug_macro   0x0000000000001206       0x16 /home/stuart/Dropbox/git/globLib/STM32F103CB/libopencm3/lib/libopencm3_stm32f1.a(rcc.o)
 .debug_macro   0x000000000000121c      0x82c /home/stuart/Dropbox/git/globLib/STM32F103CB/libopencm3/lib/libopencm3_stm32f1.a(rcc.o)
 .debug_macro   0x0000000000001a48       0xd8 /home/stuart/Dropbox/git/globLib/STM32F103CB/libopencm3/lib/libopencm3_stm32f1.a(rtc.o)
 .debug_macro   0x0000000000001b20       0x8e /home/stuart/Dropbox/git/globLib/STM32F103CB/libopencm3/lib/libopencm3_stm32f1.a(rtc.o)
 .debug_macro   0x0000000000001bae       0x76 /home/stuart/Dropbox/git/globLib/STM32F103CB/libopencm3/lib/libopencm3_stm32f1.a(rtc.o)
 .debug_macro   0x0000000000001c24       0xaa /home/stuart/Dropbox/git/globLib/STM32F103CB/libopencm3/lib/libopencm3_stm32f1.a(gpio_common_all.o)
 .debug_macro   0x0000000000001cce       0xa5 /home/stuart/Dropbox/git/globLib/STM32F103CB/libopencm3/lib/libopencm3_stm32f1.a(pwr_common_v1.o)
 .debug_macro   0x0000000000001d73       0xbd /home/stuart/Dropbox/git/globLib/STM32F103CB/libopencm3/lib/libopencm3_stm32f1.a(timer_common_all.o)
 .debug_macro   0x0000000000001e30      0xf96 /home/stuart/Dropbox/git/globLib/STM32F103CB/libopencm3/lib/libopencm3_stm32f1.a(timer_common_all.o)
 .debug_macro   0x0000000000002dc6       0xc0 /home/stuart/Dropbox/git/globLib/STM32F103CB/libopencm3/lib/libopencm3_stm32f1.a(rcc_common_all.o)
 .debug_macro   0x0000000000002e86       0xc1 /home/stuart/Dropbox/git/globLib/STM32F103CB/libopencm3/lib/libopencm3_stm32f1.a(exti_common_all.o)
 .debug_macro   0x0000000000002f47      0x112 /home/stuart/Dropbox/git/globLib/STM32F103CB/libopencm3/lib/libopencm3_stm32f1.a(exti_common_all.o)
 .debug_macro   0x0000000000003059       0xaa /home/stuart/Dropbox/git/globLib/STM32F103CB/libopencm3/lib/libopencm3_stm32f1.a(flash_common_f01.o)
 .debug_macro   0x0000000000003103      0x135 /home/stuart/Dropbox/git/globLib/STM32F103CB/libopencm3/lib/libopencm3_stm32f1.a(usb.o)
 .debug_macro   0x0000000000003238       0x58 /home/stuart/Dropbox/git/globLib/STM32F103CB/libopencm3/lib/libopencm3_stm32f1.a(usb.o)
 .debug_macro   0x0000000000003290       0x35 /home/stuart/Dropbox/git/globLib/STM32F103CB/libopencm3/lib/libopencm3_stm32f1.a(usb.o)
 .debug_macro   0x00000000000032c5       0x9c /home/stuart/Dropbox/git/globLib/STM32F103CB/libopencm3/lib/libopencm3_stm32f1.a(usb.o)
 .debug_macro   0x0000000000003361       0x4a /home/stuart/Dropbox/git/globLib/STM32F103CB/libopencm3/lib/libopencm3_stm32f1.a(usb.o)
 .debug_macro   0x00000000000033ab       0x52 /home/stuart/Dropbox/git/globLib/STM32F103CB/libopencm3/lib/libopencm3_stm32f1.a(usb.o)
 .debug_macro   0x00000000000033fd       0x16 /home/stuart/Dropbox/git/globLib/STM32F103CB/libopencm3/lib/libopencm3_stm32f1.a(usb.o)
 .debug_macro   0x0000000000003413       0x43 /home/stuart/Dropbox/git/globLib/STM32F103CB/libopencm3/lib/libopencm3_stm32f1.a(usb.o)
 .debug_macro   0x0000000000003456      0x180 /home/stuart/Dropbox/git/globLib/STM32F103CB/libopencm3/lib/libopencm3_stm32f1.a(usb.o)
 .debug_macro   0x00000000000035d6      0x29d /home/stuart/Dropbox/git/globLib/STM32F103CB/libopencm3/lib/libopencm3_stm32f1.a(usb.o)
 .debug_macro   0x0000000000003873       0x10 /home/stuart/Dropbox/git/globLib/STM32F103CB/libopencm3/lib/libopencm3_stm32f1.a(usb.o)
 .debug_macro   0x0000000000003883       0x35 /home/stuart/Dropbox/git/globLib/STM32F103CB/libopencm3/lib/libopencm3_stm32f1.a(usb.o)
 .debug_macro   0x00000000000038b8      0x196 /home/stuart/Dropbox/git/globLib/STM32F103CB/libopencm3/lib/libopencm3_stm32f1.a(usb.o)
 .debug_macro   0x0000000000003a4e       0x10 /home/stuart/Dropbox/git/globLib/STM32F103CB/libopencm3/lib/libopencm3_stm32f1.a(usb.o)
 .debug_macro   0x0000000000003a5e       0x1c /home/stuart/Dropbox/git/globLib/STM32F103CB/libopencm3/lib/libopencm3_stm32f1.a(usb.o)
 .debug_macro   0x0000000000003a7a      0x143 /home/stuart/Dropbox/git/globLib/STM32F103CB/libopencm3/lib/libopencm3_stm32f1.a(usb_control.o)
 .debug_macro   0x0000000000003bbd       0x16 /home/stuart/Dropbox/git/globLib/STM32F103CB/libopencm3/lib/libopencm3_stm32f1.a(usb_control.o)
 .debug_macro   0x0000000000003bd3      0x10e /home/stuart/Dropbox/git/globLib/STM32F103CB/libopencm3/lib/libopencm3_stm32f1.a(usb_control.o)
 .debug_macro   0x0000000000003ce1       0x7f /home/stuart/Dropbox/git/globLib/STM32F103CB/libopencm3/lib/libopencm3_stm32f1.a(usb_control.o)
 .debug_macro   0x0000000000003d60       0x22 /home/stuart/Dropbox/git/globLib/STM32F103CB/libopencm3/lib/libopencm3_stm32f1.a(usb_control.o)
 .debug_macro   0x0000000000003d82      0x135 /home/stuart/Dropbox/git/globLib/STM32F103CB/libopencm3/lib/libopencm3_stm32f1.a(usb_standard.o)
 .debug_macro   0x0000000000003eb7       0xff /home/stuart/Dropbox/git/globLib/STM32F103CB/libopencm3/lib/libopencm3_stm32f1.a(st_usbfs_v1.o)
 .debug_macro   0x0000000000003fb6       0x3a /home/stuart/Dropbox/git/globLib/STM32F103CB/libopencm3/lib/libopencm3_stm32f1.a(st_usbfs_v1.o)
 .debug_macro   0x0000000000003ff0      0x29e /home/stuart/Dropbox/git/globLib/STM32F103CB/libopencm3/lib/libopencm3_stm32f1.a(st_usbfs_v1.o)
 .debug_macro   0x000000000000428e       0x28 /home/stuart/Dropbox/git/globLib/STM32F103CB/libopencm3/lib/libopencm3_stm32f1.a(st_usbfs_v1.o)
 .debug_macro   0x00000000000042b6      0x19c /home/stuart/Dropbox/git/globLib/STM32F103CB/libopencm3/lib/libopencm3_stm32f1.a(st_usbfs_v1.o)
 .debug_macro   0x0000000000004452       0x10 /home/stuart/Dropbox/git/globLib/STM32F103CB/libopencm3/lib/libopencm3_stm32f1.a(st_usbfs_v1.o)
 .debug_macro   0x0000000000004462       0xc1 /home/stuart/Dropbox/git/globLib/STM32F103CB/libopencm3/lib/libopencm3_stm32f1.a(vector.o)
 .debug_macro   0x0000000000004523      0x3a1 /home/stuart/Dropbox/git/globLib/STM32F103CB/libopencm3/lib/libopencm3_stm32f1.a(vector.o)
 .debug_macro   0x00000000000048c4       0x6a /home/stuart/Dropbox/git/globLib/STM32F103CB/libopencm3/lib/libopencm3_stm32f1.a(vector.o)
 .debug_macro   0x000000000000492e      0x1a2 /home/stuart/Dropbox/git/globLib/STM32F103CB/libopencm3/lib/libopencm3_stm32f1.a(vector.o)
 .debug_macro   0x0000000000004ad0      0x134 /home/stuart/Dropbox/git/globLib/STM32F103CB/libopencm3/lib/libopencm3_stm32f1.a(scb.o)
 .debug_macro   0x0000000000004c04       0xff /home/stuart/Dropbox/git/globLib/STM32F103CB/libopencm3/lib/libopencm3_stm32f1.a(st_usbfs_core.o)

.debug_str      0x0000000000000000    0x17e87
 .debug_str     0x0000000000000000     0x492e /home/stuart/Dropbox/git/globLib/STM32F103CB/libopencm3/lib/libopencm3_stm32f1.a(flash.o)
                                       0x4acb (size before relaxing)
 .debug_str     0x000000000000492e     0x3829 /home/stuart/Dropbox/git/globLib/STM32F103CB/libopencm3/lib/libopencm3_stm32f1.a(gpio.o)
                                       0x7997 (size before relaxing)
 .debug_str     0x0000000000008157     0x2963 /home/stuart/Dropbox/git/globLib/STM32F103CB/libopencm3/lib/libopencm3_stm32f1.a(rcc.o)
                                       0x7235 (size before relaxing)
 .debug_str     0x000000000000aaba      0x8d6 /home/stuart/Dropbox/git/globLib/STM32F103CB/libopencm3/lib/libopencm3_stm32f1.a(rtc.o)
                                       0x6f15 (size before relaxing)
 .debug_str     0x000000000000b390       0x7a /home/stuart/Dropbox/git/globLib/STM32F103CB/libopencm3/lib/libopencm3_stm32f1.a(gpio_common_all.o)
                                       0x798b (size before relaxing)
 .debug_str     0x000000000000b40a      0x190 /home/stuart/Dropbox/git/globLib/STM32F103CB/libopencm3/lib/libopencm3_stm32f1.a(pwr_common_v1.o)
                                       0x45d0 (size before relaxing)
 .debug_str     0x000000000000b59a     0x4d58 /home/stuart/Dropbox/git/globLib/STM32F103CB/libopencm3/lib/libopencm3_stm32f1.a(timer_common_all.o)
                                       0xb338 (size before relaxing)
 .debug_str     0x00000000000102f2      0x168 /home/stuart/Dropbox/git/globLib/STM32F103CB/libopencm3/lib/libopencm3_stm32f1.a(rcc_common_all.o)
                                       0x6b80 (size before relaxing)
 .debug_str     0x000000000001045a      0x465 /home/stuart/Dropbox/git/globLib/STM32F103CB/libopencm3/lib/libopencm3_stm32f1.a(exti_common_all.o)
                                       0x7d68 (size before relaxing)
 .debug_str     0x00000000000108bf       0xc3 /home/stuart/Dropbox/git/globLib/STM32F103CB/libopencm3/lib/libopencm3_stm32f1.a(flash_common_f01.o)
                                       0x4a30 (size before relaxing)
 .debug_str     0x0000000000010982     0x3348 /home/stuart/Dropbox/git/globLib/STM32F103CB/libopencm3/lib/libopencm3_stm32f1.a(usb.o)
                                       0x694b (size before relaxing)
 .debug_str     0x0000000000013cca      0x1c1 /home/stuart/Dropbox/git/globLib/STM32F103CB/libopencm3/lib/libopencm3_stm32f1.a(usb_control.o)
                                       0x698c (size before relaxing)
 .debug_str     0x0000000000013e8b      0x2da /home/stuart/Dropbox/git/globLib/STM32F103CB/libopencm3/lib/libopencm3_stm32f1.a(usb_standard.o)
                                       0x6ab5 (size before relaxing)
 .debug_str     0x0000000000014165     0x1598 /home/stuart/Dropbox/git/globLib/STM32F103CB/libopencm3/lib/libopencm3_stm32f1.a(st_usbfs_v1.o)
                                       0x8bfd (size before relaxing)
 .debug_str     0x00000000000156fd     0x24ec /home/stuart/Dropbox/git/globLib/STM32F103CB/libopencm3/lib/libopencm3_stm32f1.a(vector.o)
                                       0x5ae8 (size before relaxing)
 .debug_str     0x0000000000017be9       0x53 /home/stuart/Dropbox/git/globLib/STM32F103CB/libopencm3/lib/libopencm3_stm32f1.a(scb.o)
                                       0x6d47 (size before relaxing)
 .debug_str     0x0000000000017c3c      0x123 /home/stuart/Dropbox/git/globLib/STM32F103CB/libopencm3/lib/libopencm3_stm32f1.a(st_usbfs_core.o)
                                       0x8b0c (size before relaxing)
 .debug_str     0x0000000000017d5f      0x128 /usr/lib/gcc/arm-none-eabi/4.9.3/../../../arm-none-eabi/lib/armv7-m/libg.a(lib_a-strlen.o)
                                        0x1c8 (size before relaxing)

.debug_frame    0x0000000000000000     0x1540
 .debug_frame   0x0000000000000000      0x10c /home/stuart/Dropbox/git/globLib/STM32F103CB/libopencm3/lib/libopencm3_stm32f1.a(flash.o)
 .debug_frame   0x000000000000010c       0x60 /home/stuart/Dropbox/git/globLib/STM32F103CB/libopencm3/lib/libopencm3_stm32f1.a(gpio.o)
 .debug_frame   0x000000000000016c      0x2e0 /home/stuart/Dropbox/git/globLib/STM32F103CB/libopencm3/lib/libopencm3_stm32f1.a(rcc.o)
 .debug_frame   0x000000000000044c      0x1a4 /home/stuart/Dropbox/git/globLib/STM32F103CB/libopencm3/lib/libopencm3_stm32f1.a(rtc.o)
 .debug_frame   0x00000000000005f0       0x80 /home/stuart/Dropbox/git/globLib/STM32F103CB/libopencm3/lib/libopencm3_stm32f1.a(gpio_common_all.o)
 .debug_frame   0x0000000000000670      0x100 /home/stuart/Dropbox/git/globLib/STM32F103CB/libopencm3/lib/libopencm3_stm32f1.a(pwr_common_v1.o)
 .debug_frame   0x0000000000000770      0x4d8 /home/stuart/Dropbox/git/globLib/STM32F103CB/libopencm3/lib/libopencm3_stm32f1.a(timer_common_all.o)
 .debug_frame   0x0000000000000c48       0xd0 /home/stuart/Dropbox/git/globLib/STM32F103CB/libopencm3/lib/libopencm3_stm32f1.a(rcc_common_all.o)
 .debug_frame   0x0000000000000d18       0x80 /home/stuart/Dropbox/git/globLib/STM32F103CB/libopencm3/lib/libopencm3_stm32f1.a(exti_common_all.o)
 .debug_frame   0x0000000000000d98      0x120 /home/stuart/Dropbox/git/globLib/STM32F103CB/libopencm3/lib/libopencm3_stm32f1.a(flash_common_f01.o)
 .debug_frame   0x0000000000000eb8      0x13c /home/stuart/Dropbox/git/globLib/STM32F103CB/libopencm3/lib/libopencm3_stm32f1.a(usb.o)
 .debug_frame   0x0000000000000ff4      0x160 /home/stuart/Dropbox/git/globLib/STM32F103CB/libopencm3/lib/libopencm3_stm32f1.a(usb_control.o)
 .debug_frame   0x0000000000001154      0x1ec /home/stuart/Dropbox/git/globLib/STM32F103CB/libopencm3/lib/libopencm3_stm32f1.a(usb_standard.o)
 .debug_frame   0x0000000000001340       0x58 /home/stuart/Dropbox/git/globLib/STM32F103CB/libopencm3/lib/libopencm3_stm32f1.a(st_usbfs_v1.o)
 .debug_frame   0x0000000000001398       0x40 /home/stuart/Dropbox/git/globLib/STM32F103CB/libopencm3/lib/libopencm3_stm32f1.a(vector.o)
 .debug_frame   0x00000000000013d8       0x40 /home/stuart/Dropbox/git/globLib/STM32F103CB/libopencm3/lib/libopencm3_stm32f1.a(scb.o)
 .debug_frame   0x0000000000001418      0x108 /home/stuart/Dropbox/git/globLib/STM32F103CB/libopencm3/lib/libopencm3_stm32f1.a(st_usbfs_core.o)
 .debug_frame   0x0000000000001520       0x20 /usr/lib/gcc/arm-none-eabi/4.9.3/../../../arm-none-eabi/lib/armv7-m/libg.a(lib_a-strlen.o)

Cross Reference Table

Symbol                                            File
ADC_addChannel                                    /home/stuart/Dropbox/git/globLib/STM32F103CB/lib/stm32f103cb_adc.o
ADC_sample                                        /home/stuart/Dropbox/git/globLib/STM32F103CB/lib/stm32f103cb_adc.o
ADC_setup                                         /home/stuart/Dropbox/git/globLib/STM32F103CB/lib/stm32f103cb_adc.o
ADC_volts                                         /home/stuart/Dropbox/git/globLib/STM32F103CB/lib/stm32f103cb_adc.o
CLOCK_getSpeed                                    /home/stuart/Dropbox/git/globLib/STM32F103CB/lib/stm32f103cb_clock.o
                                                  /home/stuart/Dropbox/git/globLib/STM32F103CB/lib/stm32f103cb_systick.o
                                                  /home/stuart/Dropbox/git/globLib/STM32F103CB/lib/stm32f103cb_spi.o
                                                  /home/stuart/Dropbox/git/globLib/STM32F103CB/lib/stm32f103cb_core.o
                                                  /home/stuart/Dropbox/git/globLib/STM32F103CB/lib/stm32f103cb_timer.o
CLOCK_getSpeedAlternate                           /home/stuart/Dropbox/git/globLib/STM32F103CB/lib/stm32f103cb_clock.o
                                                  /home/stuart/Dropbox/git/globLib/STM32F103CB/lib/stm32f103cb_spi.o
CLOCK_setSpeed                                    /home/stuart/Dropbox/git/globLib/STM32F103CB/lib/stm32f103cb_clock.o
                                                  /home/stuart/Dropbox/git/globLib/STM32F103CB/lib/stm32f103cb_core.o
COMOUT_con128                                     /home/stuart/Dropbox/git/globLib/common/lib/coms128.o
FIFO8_flush                                       /home/stuart/Dropbox/git/globLib/common/lib/fifo8.o
FIFO8_get                                         /home/stuart/Dropbox/git/globLib/common/lib/fifo8.o
                                                  /home/stuart/Dropbox/git/globLib/common/lib/coms128.o
FIFO8_init                                        /home/stuart/Dropbox/git/globLib/common/lib/fifo8.o
                                                  /home/stuart/Dropbox/git/globLib/common/lib/coms128.o
FIFO8_put                                         /home/stuart/Dropbox/git/globLib/common/lib/fifo8.o
                                                  /home/stuart/Dropbox/git/globLib/common/lib/coms128.o
FIFO8_size                                        /home/stuart/Dropbox/git/globLib/common/lib/fifo8.o
FLASH_clearPage                                   /home/stuart/Dropbox/git/globLib/STM32F103CB/lib/stm32f103cb_flash.o
FLASH_firstEmptyPage                              /home/stuart/Dropbox/git/globLib/STM32F103CB/lib/stm32f103cb_flash.o
FLASH_pageEmpty                                   /home/stuart/Dropbox/git/globLib/STM32F103CB/lib/stm32f103cb_flash.o
FLASH_read                                        /home/stuart/Dropbox/git/globLib/STM32F103CB/lib/stm32f103cb_flash.o
FLASH_readPage                                    /home/stuart/Dropbox/git/globLib/STM32F103CB/lib/stm32f103cb_flash.o
FLASH_reads                                       /home/stuart/Dropbox/git/globLib/STM32F103CB/lib/stm32f103cb_flash.o
FLASH_write                                       /home/stuart/Dropbox/git/globLib/STM32F103CB/lib/stm32f103cb_flash.o
FLASH_writes                                      /home/stuart/Dropbox/git/globLib/STM32F103CB/lib/stm32f103cb_flash.o
GPIO_ISRDisable                                   /home/stuart/Dropbox/git/globLib/STM32F103CB/lib/stm32f103cb_gpio.o
GPIO_ISREnable                                    /home/stuart/Dropbox/git/globLib/STM32F103CB/lib/stm32f103cb_gpio.o
I2C_address                                       /home/stuart/Dropbox/git/globLib/STM32F103CB/lib/stm32f103cb_i2c.o
                                                  /home/stuart/Dropbox/git/globLib/common/lib/mpu6050.o
I2C_read                                          /home/stuart/Dropbox/git/globLib/STM32F103CB/lib/stm32f103cb_i2c.o
                                                  /home/stuart/Dropbox/git/globLib/common/lib/mpu6050.o
I2C_repeatRead                                    /home/stuart/Dropbox/git/globLib/STM32F103CB/lib/stm32f103cb_i2c.o
                                                  /home/stuart/Dropbox/git/globLib/common/lib/mpu6050.o
I2C_setup                                         /home/stuart/Dropbox/git/globLib/STM32F103CB/lib/stm32f103cb_i2c.o
I2C_start                                         /home/stuart/Dropbox/git/globLib/STM32F103CB/lib/stm32f103cb_i2c.o
                                                  /home/stuart/Dropbox/git/globLib/common/lib/mpu6050.o
I2C_stop                                          /home/stuart/Dropbox/git/globLib/STM32F103CB/lib/stm32f103cb_i2c.o
                                                  /home/stuart/Dropbox/git/globLib/common/lib/mpu6050.o
I2C_write                                         /home/stuart/Dropbox/git/globLib/STM32F103CB/lib/stm32f103cb_i2c.o
                                                  /home/stuart/Dropbox/git/globLib/common/lib/mpu6050.o
IWDG_feed                                         /home/stuart/Dropbox/git/globLib/STM32F103CB/lib/stm32f103cb_iwdg.o
IWDG_resetCheck                                   /home/stuart/Dropbox/git/globLib/STM32F103CB/lib/stm32f103cb_iwdg.o
IWDG_setup                                        /home/stuart/Dropbox/git/globLib/STM32F103CB/lib/stm32f103cb_iwdg.o
LSM9DS1_accReady                                  /home/stuart/Dropbox/git/globLib/common/lib/lsm9ds1.o
LSM9DS1_getAcc                                    /home/stuart/Dropbox/git/globLib/common/lib/lsm9ds1.o
LSM9DS1_getAccScale                               /home/stuart/Dropbox/git/globLib/common/lib/lsm9ds1.o
LSM9DS1_getGyr                                    /home/stuart/Dropbox/git/globLib/common/lib/lsm9ds1.o
LSM9DS1_getGyrScale                               /home/stuart/Dropbox/git/globLib/common/lib/lsm9ds1.o
LSM9DS1_getMag                                    /home/stuart/Dropbox/git/globLib/common/lib/lsm9ds1.o
LSM9DS1_getMagScale                               /home/stuart/Dropbox/git/globLib/common/lib/lsm9ds1.o
LSM9DS1_getTemp                                   /home/stuart/Dropbox/git/globLib/common/lib/lsm9ds1.o
LSM9DS1_gxWAI                                     /home/stuart/Dropbox/git/globLib/common/lib/lsm9ds1.o
LSM9DS1_gyrReady                                  /home/stuart/Dropbox/git/globLib/common/lib/lsm9ds1.o
LSM9DS1_mWAI                                      /home/stuart/Dropbox/git/globLib/common/lib/lsm9ds1.o
LSM9DS1_magReady                                  /home/stuart/Dropbox/git/globLib/common/lib/lsm9ds1.o
LSM9DS1_readByte                                  /home/stuart/Dropbox/git/globLib/common/lib/lsm9ds1.o
LSM9DS1_setAccScale                               /home/stuart/Dropbox/git/globLib/common/lib/lsm9ds1.o
LSM9DS1_setGyrScale                               /home/stuart/Dropbox/git/globLib/common/lib/lsm9ds1.o
LSM9DS1_setMagScale                               /home/stuart/Dropbox/git/globLib/common/lib/lsm9ds1.o
LSM9DS1_setup                                     /home/stuart/Dropbox/git/globLib/common/lib/lsm9ds1.o
LSM9DS1_tempReady                                 /home/stuart/Dropbox/git/globLib/common/lib/lsm9ds1.o
LSM9DS1_writeByte                                 /home/stuart/Dropbox/git/globLib/common/lib/lsm9ds1.o
MCU_debugDisable                                  /home/stuart/Dropbox/git/globLib/STM32F103CB/lib/stm32f103cb_debug.o
MCU_debugEnable                                   /home/stuart/Dropbox/git/globLib/STM32F103CB/lib/stm32f103cb_debug.o
MCU_debugIsEnabled                                /home/stuart/Dropbox/git/globLib/STM32F103CB/lib/stm32f103cb_debug.o
                                                  /home/stuart/Dropbox/git/globLib/STM32F103CB/lib/stm32f103cb_i2c.o
                                                  /home/stuart/Dropbox/git/globLib/STM32F103CB/lib/stm32f103cb_iwdg.o
                                                  /home/stuart/Dropbox/git/globLib/STM32F103CB/lib/stm32f103cb_systick.o
                                                  /home/stuart/Dropbox/git/globLib/STM32F103CB/lib/stm32f103cb_rtc.o
                                                  /home/stuart/Dropbox/git/globLib/STM32F103CB/lib/stm32f103cb_gpio.o
                                                  /home/stuart/Dropbox/git/globLib/STM32F103CB/lib/stm32f103cb_spi.o
                                                  /home/stuart/Dropbox/git/globLib/STM32F103CB/lib/stm32f103cb_adc.o
                                                  /home/stuart/Dropbox/git/globLib/STM32F103CB/lib/stm32f103cb_usart.o
                                                  /home/stuart/Dropbox/git/globLib/STM32F103CB/lib/stm32f103cb_flash.o
                                                  /home/stuart/Dropbox/git/globLib/STM32F103CB/lib/stm32f103cb_timer.o
MCU_printError                                    /home/stuart/Dropbox/git/globLib/STM32F103CB/lib/stm32f103cb_debug.o
                                                  /home/stuart/Dropbox/git/globLib/STM32F103CB/lib/stm32f103cb_i2c.o
                                                  /home/stuart/Dropbox/git/globLib/STM32F103CB/lib/stm32f103cb_iwdg.o
                                                  /home/stuart/Dropbox/git/globLib/STM32F103CB/lib/stm32f103cb_systick.o
                                                  /home/stuart/Dropbox/git/globLib/STM32F103CB/lib/stm32f103cb_rtc.o
                                                  /home/stuart/Dropbox/git/globLib/STM32F103CB/lib/stm32f103cb_gpio.o
                                                  /home/stuart/Dropbox/git/globLib/STM32F103CB/lib/stm32f103cb_spi.o
                                                  /home/stuart/Dropbox/git/globLib/STM32F103CB/lib/stm32f103cb_adc.o
                                                  /home/stuart/Dropbox/git/globLib/STM32F103CB/lib/stm32f103cb_usart.o
                                                  /home/stuart/Dropbox/git/globLib/STM32F103CB/lib/stm32f103cb_flash.o
                                                  /home/stuart/Dropbox/git/globLib/STM32F103CB/lib/stm32f103cb_timer.o
MPU6050_calc                                      /home/stuart/Dropbox/git/globLib/common/lib/mpu6050.o
MPU6050_getAcc                                    /home/stuart/Dropbox/git/globLib/common/lib/mpu6050.o
MPU6050_getGyr                                    /home/stuart/Dropbox/git/globLib/common/lib/mpu6050.o
MPU6050_raw                                       /home/stuart/Dropbox/git/globLib/common/lib/mpu6050.o
MPU6050_readByte                                  /home/stuart/Dropbox/git/globLib/common/lib/mpu6050.o
MPU6050_readHalf                                  /home/stuart/Dropbox/git/globLib/common/lib/mpu6050.o
MPU6050_setAcc                                    /home/stuart/Dropbox/git/globLib/common/lib/mpu6050.o
MPU6050_setGyr                                    /home/stuart/Dropbox/git/globLib/common/lib/mpu6050.o
MPU6050_setup                                     /home/stuart/Dropbox/git/globLib/common/lib/mpu6050.o
MPU6050_writeByte                                 /home/stuart/Dropbox/git/globLib/common/lib/mpu6050.o
POWER_fromStandby                                 /home/stuart/Dropbox/git/globLib/STM32F103CB/lib/stm32f103cb_power.o
POWER_fromStop                                    /home/stuart/Dropbox/git/globLib/STM32F103CB/lib/stm32f103cb_power.o
POWER_noSleep                                     /home/stuart/Dropbox/git/globLib/STM32F103CB/lib/stm32f103cb_power.o
POWER_reset                                       /home/stuart/Dropbox/git/globLib/STM32F103CB/lib/stm32f103cb_power.o
                                                  /home/stuart/Dropbox/git/globLib/STM32F103CB/lib/stm32f103cb_usb.o
POWER_sleep                                       /home/stuart/Dropbox/git/globLib/STM32F103CB/lib/stm32f103cb_power.o
POWER_standby                                     /home/stuart/Dropbox/git/globLib/STM32F103CB/lib/stm32f103cb_power.o
POWER_stop                                        /home/stuart/Dropbox/git/globLib/STM32F103CB/lib/stm32f103cb_power.o
RTC_calibrate                                     /home/stuart/Dropbox/git/globLib/STM32F103CB/lib/stm32f103cb_rtc.o
RTC_clockEnable                                   /home/stuart/Dropbox/git/globLib/STM32F103CB/lib/stm32f103cb_rtc.o
RTC_disableAlarmISR                               /home/stuart/Dropbox/git/globLib/STM32F103CB/lib/stm32f103cb_rtc.o
RTC_disableOverflowISR                            /home/stuart/Dropbox/git/globLib/STM32F103CB/lib/stm32f103cb_rtc.o
RTC_disableResolutionISR                          /home/stuart/Dropbox/git/globLib/STM32F103CB/lib/stm32f103cb_rtc.o
RTC_enableAlarmISR                                /home/stuart/Dropbox/git/globLib/STM32F103CB/lib/stm32f103cb_rtc.o
RTC_enableOverflowISR                             /home/stuart/Dropbox/git/globLib/STM32F103CB/lib/stm32f103cb_rtc.o
RTC_enableResolutionISR                           /home/stuart/Dropbox/git/globLib/STM32F103CB/lib/stm32f103cb_rtc.o
RTC_getCount                                      /home/stuart/Dropbox/git/globLib/STM32F103CB/lib/stm32f103cb_rtc.o
RTC_isAlarmEnabled                                /home/stuart/Dropbox/git/globLib/STM32F103CB/lib/stm32f103cb_rtc.o
RTC_isOverflowEnabled                             /home/stuart/Dropbox/git/globLib/STM32F103CB/lib/stm32f103cb_rtc.o
RTC_isResolutionEnabled                           /home/stuart/Dropbox/git/globLib/STM32F103CB/lib/stm32f103cb_rtc.o
RTC_setCount                                      /home/stuart/Dropbox/git/globLib/STM32F103CB/lib/stm32f103cb_rtc.o
RTC_setPrescaler                                  /home/stuart/Dropbox/git/globLib/STM32F103CB/lib/stm32f103cb_rtc.o
RTC_setup                                         /home/stuart/Dropbox/git/globLib/STM32F103CB/lib/stm32f103cb_rtc.o
SPI_disableRxISR                                  /home/stuart/Dropbox/git/globLib/STM32F103CB/lib/stm32f103cb_spi.o